Archive member included to satisfy reference by file (symbol)

/usr/local/mcuxpressoide-11.7.1_9221/ide/plugins/com.nxp.mcuxpresso.tools.linux_11.7.1.202301190959/tools/bin/../lib/gcc/arm-none-eabi/10.3.1/../../../../arm-none-eabi/lib/thumb/v6-m/nofp/libcr_nohost_nf.a(_cr__main.o)
                              ./startup/startup_mkl25z4.o (__main)
/usr/local/mcuxpressoide-11.7.1_9221/ide/plugins/com.nxp.mcuxpresso.tools.linux_11.7.1.202301190959/tools/bin/../lib/gcc/arm-none-eabi/10.3.1/../../../../arm-none-eabi/lib/thumb/v6-m/nofp/libcr_c.a(memcpy.o)
                              ./drivers/fsl_flash.o (memcpy)
/usr/local/mcuxpressoide-11.7.1_9221/ide/plugins/com.nxp.mcuxpresso.tools.linux_11.7.1.202301190959/tools/bin/../lib/gcc/arm-none-eabi/10.3.1/../../../../arm-none-eabi/lib/thumb/v6-m/nofp/libcr_c.a(memset.o)
                              ./drivers/fsl_flash.o (memset)
/usr/local/mcuxpressoide-11.7.1_9221/ide/plugins/com.nxp.mcuxpresso.tools.linux_11.7.1.202301190959/tools/bin/../lib/gcc/arm-none-eabi/10.3.1/../../../../arm-none-eabi/lib/thumb/v6-m/nofp/libcr_c.a(initio.o)
                              /usr/local/mcuxpressoide-11.7.1_9221/ide/plugins/com.nxp.mcuxpresso.tools.linux_11.7.1.202301190959/tools/bin/../lib/gcc/arm-none-eabi/10.3.1/../../../../arm-none-eabi/lib/thumb/v6-m/nofp/libcr_nohost_nf.a(_cr__main.o) (_initio)
/usr/local/mcuxpressoide-11.7.1_9221/ide/plugins/com.nxp.mcuxpresso.tools.linux_11.7.1.202301190959/tools/bin/../lib/gcc/arm-none-eabi/10.3.1/../../../../arm-none-eabi/lib/thumb/v6-m/nofp/libcr_c.a(printf.o)
                              ./source/main.o (_sprintf)
/usr/local/mcuxpressoide-11.7.1_9221/ide/plugins/com.nxp.mcuxpresso.tools.linux_11.7.1.202301190959/tools/bin/../lib/gcc/arm-none-eabi/10.3.1/../../../../arm-none-eabi/lib/thumb/v6-m/nofp/libcr_c.a(setvbuf.o)
                              /usr/local/mcuxpressoide-11.7.1_9221/ide/plugins/com.nxp.mcuxpresso.tools.linux_11.7.1.202301190959/tools/bin/../lib/gcc/arm-none-eabi/10.3.1/../../../../arm-none-eabi/lib/thumb/v6-m/nofp/libcr_c.a(initio.o) (setvbuf)
/usr/local/mcuxpressoide-11.7.1_9221/ide/plugins/com.nxp.mcuxpresso.tools.linux_11.7.1.202301190959/tools/bin/../lib/gcc/arm-none-eabi/10.3.1/../../../../arm-none-eabi/lib/thumb/v6-m/nofp/libcr_c.a(strlen.o)
                              ./utilities/fsl_debug_console.o (strlen)
/usr/local/mcuxpressoide-11.7.1_9221/ide/plugins/com.nxp.mcuxpresso.tools.linux_11.7.1.202301190959/tools/bin/../lib/gcc/arm-none-eabi/10.3.1/../../../../arm-none-eabi/lib/thumb/v6-m/nofp/libcr_c.a(_deferredlazyseek.o)
                              /usr/local/mcuxpressoide-11.7.1_9221/ide/plugins/com.nxp.mcuxpresso.tools.linux_11.7.1.202301190959/tools/bin/../lib/gcc/arm-none-eabi/10.3.1/../../../../arm-none-eabi/lib/thumb/v6-m/nofp/libcr_c.a(printf.o) (__flsbuf)
/usr/local/mcuxpressoide-11.7.1_9221/ide/plugins/com.nxp.mcuxpresso.tools.linux_11.7.1.202301190959/tools/bin/../lib/gcc/arm-none-eabi/10.3.1/../../../../arm-none-eabi/lib/thumb/v6-m/nofp/libcr_c.a(_fdopen.o)
                              /usr/local/mcuxpressoide-11.7.1_9221/ide/plugins/com.nxp.mcuxpresso.tools.linux_11.7.1.202301190959/tools/bin/../lib/gcc/arm-none-eabi/10.3.1/../../../../arm-none-eabi/lib/thumb/v6-m/nofp/libcr_c.a(initio.o) (_fdopen)
/usr/local/mcuxpressoide-11.7.1_9221/ide/plugins/com.nxp.mcuxpresso.tools.linux_11.7.1.202301190959/tools/bin/../lib/gcc/arm-none-eabi/10.3.1/../../../../arm-none-eabi/lib/thumb/v6-m/nofp/libcr_c.a(_fflush.o)
                              /usr/local/mcuxpressoide-11.7.1_9221/ide/plugins/com.nxp.mcuxpresso.tools.linux_11.7.1.202301190959/tools/bin/../lib/gcc/arm-none-eabi/10.3.1/../../../../arm-none-eabi/lib/thumb/v6-m/nofp/libcr_c.a(_deferredlazyseek.o) (_fflush)
/usr/local/mcuxpressoide-11.7.1_9221/ide/plugins/com.nxp.mcuxpresso.tools.linux_11.7.1.202301190959/tools/bin/../lib/gcc/arm-none-eabi/10.3.1/../../../../arm-none-eabi/lib/thumb/v6-m/nofp/libcr_c.a(_writebuf.o)
                              /usr/local/mcuxpressoide-11.7.1_9221/ide/plugins/com.nxp.mcuxpresso.tools.linux_11.7.1.202301190959/tools/bin/../lib/gcc/arm-none-eabi/10.3.1/../../../../arm-none-eabi/lib/thumb/v6-m/nofp/libcr_c.a(_deferredlazyseek.o) (_Cwritebuf)
/usr/local/mcuxpressoide-11.7.1_9221/ide/plugins/com.nxp.mcuxpresso.tools.linux_11.7.1.202301190959/tools/bin/../lib/gcc/arm-none-eabi/10.3.1/../../../../arm-none-eabi/lib/thumb/v6-m/nofp/libcr_c.a(alloc.o)
                              /usr/local/mcuxpressoide-11.7.1_9221/ide/plugins/com.nxp.mcuxpresso.tools.linux_11.7.1.202301190959/tools/bin/../lib/gcc/arm-none-eabi/10.3.1/../../../../arm-none-eabi/lib/thumb/v6-m/nofp/libcr_c.a(printf.o) (malloc)
/usr/local/mcuxpressoide-11.7.1_9221/ide/plugins/com.nxp.mcuxpresso.tools.linux_11.7.1.202301190959/tools/bin/../lib/gcc/arm-none-eabi/10.3.1/../../../../arm-none-eabi/lib/thumb/v6-m/nofp/libcr_c.a(fclose.o)
[...]
Memory Configuration

Name             Origin             Length             Attributes
PROGRAM_FLASH    0x0000000000000000 0x0000000000020000 xr
SRAM             0x000000001ffff000 0x0000000000004000 xrw
*default*        0x0000000000000000 0xffffffffffffffff

Linker script and memory map

LOAD ./utilities/fsl_debug_console.o
LOAD ./startup/startup_mkl25z4.o
LOAD ./source/bsp.o
LOAD ./source/main.o
LOAD ./source/mtb.o
LOAD ./source/semihost_hardfault.o
LOAD ./drivers/fsl_adc16.o
LOAD ./drivers/fsl_clock.o
LOAD ./drivers/fsl_common.o
LOAD ./drivers/fsl_flash.o
LOAD ./drivers/fsl_gpio.o
LOAD ./drivers/fsl_lpsci.o
LOAD ./drivers/fsl_smc.o
LOAD ./drivers/fsl_uart.o
LOAD ./board/board.o
LOAD ./board/clock_config.o
LOAD ./board/peripherals.o
LOAD ./board/pin_mux.o
LOAD ./CMSIS/system_MKL25Z4.o
START GROUP
LOAD /usr/local/mcuxpressoide-11.7.1_9221/ide/plugins/com.nxp.mcuxpresso.tools.linux_11.7.1.202301190959/tools/bin/../lib/gcc/arm-none-eabi/10.3.1/../../../../arm-none-eabi/lib/thumb/v6-m/nofp/libcr_nohost_nf.a
LOAD /usr/local/mcuxpressoide-11.7.1_9221/ide/plugins/com.nxp.mcuxpresso.tools.linux_11.7.1.202301190959/tools/bin/../lib/gcc/arm-none-eabi/10.3.1/../../../../arm-none-eabi/lib/thumb/v6-m/nofp/libcr_c.a
LOAD /usr/local/mcuxpressoide-11.7.1_9221/ide/plugins/com.nxp.mcuxpresso.tools.linux_11.7.1.202301190959/tools/bin/../lib/gcc/arm-none-eabi/10.3.1/thumb/v6-m/nofp/libcr_eabihelpers.a
LOAD /usr/local/mcuxpressoide-11.7.1_9221/ide/plugins/com.nxp.mcuxpresso.tools.linux_11.7.1.202301190959/tools/bin/../lib/gcc/arm-none-eabi/10.3.1/thumb/v6-m/nofp/libgcc.a
END GROUP
                0x0000000000000000                __base_PROGRAM_FLASH = 0x0
                0x0000000000000000                __base_Flash = 0x0
                0x0000000000020000                __top_PROGRAM_FLASH = 0x20000
                0x0000000000020000                __top_Flash = 0x20000
                0x000000001ffff000                __base_SRAM = 0x1ffff000
                0x000000001ffff000                __base_RAM = 0x1ffff000
                0x0000000020003000                __top_SRAM = 0x20003000
                0x0000000020003000                __top_RAM = 0x20003000

.text           0x0000000000000000     0x3e8c
 FILL mask 0xff
                0x0000000000000000                __vectors_start__ = ABSOLUTE (.)
 *(SORT_BY_ALIGNMENT(.isr_vector))
 .isr_vector    0x0000000000000000       0xc0 ./startup/startup_mkl25z4.o
                0x0000000000000000                __Vectors
                0x0000000000000000                g_pfnVectors
                0x00000000000000c0                . = ALIGN (0x4)
                0x00000000000000c0                __section_table_start = .
                0x00000000000000c0                __data_section_table = .
                0x00000000000000c0        0x4 LONG 0x3e8c LOADADDR (.data)
                0x00000000000000c4        0x4 LONG 0x1ffff080 ADDR (.data)
                0x00000000000000c8        0x4 LONG 0xc SIZEOF (.data)
                0x00000000000000cc                __data_section_table_end = .
                0x00000000000000cc                __bss_section_table = .
                0x00000000000000cc        0x4 LONG 0x1ffff08c ADDR (.bss)
                0x00000000000000d0        0x4 LONG 0x108 SIZEOF (.bss)
                0x00000000000000d4                __bss_section_table_end = .
                0x00000000000000d4                __section_table_end = .
 *(SORT_BY_ALIGNMENT(.after_vectors*))
 .after_vectors.reset
                0x00000000000000d4       0x4c ./startup/startup_mkl25z4.o
                0x00000000000000d4                ResetISR
 .after_vectors.init_data
                0x0000000000000120       0x12 ./startup/startup_mkl25z4.o
                0x0000000000000120                data_init
 .after_vectors.init_bss
                0x0000000000000132       0x10 ./startup/startup_mkl25z4.o
                0x0000000000000132                bss_init
 .after_vectors
                0x0000000000000142      0x10c ./startup/startup_mkl25z4.o
                0x0000000000000142                NMI_Handler
                0x0000000000000146                SVC_Handler
                0x0000000000000148                PendSV_Handler
                0x000000000000014a                SysTick_Handler
                0x000000000000014c                PIT_DriverIRQHandler
                0x000000000000014c                Reserved39_DriverIRQHandler
                0x000000000000014c                DMA0_DriverIRQHandler
                0x000000000000014c                SPI1_DriverIRQHandler
                0x000000000000014c                LPTMR0_DriverIRQHandler
                0x000000000000014c                TPM2_DriverIRQHandler
                0x000000000000014c                TSI0_DriverIRQHandler
                0x000000000000014c                RTC_Seconds_DriverIRQHandler
                0x000000000000014c                LLWU_DriverIRQHandler
                0x000000000000014c                MCG_DriverIRQHandler
                0x000000000000014c                FTFA_DriverIRQHandler
                0x000000000000014c                IntDefaultHandler
                0x000000000000014c                USB0_DriverIRQHandler
                0x000000000000014c                DAC0_DriverIRQHandler
                0x000000000000014c                LVD_LVW_DriverIRQHandler
                0x000000000000014c                TPM0_DriverIRQHandler
                0x000000000000014c                Reserved20_DriverIRQHandler
                0x000000000000014c                DMA3_DriverIRQHandler
                0x000000000000014c                Reserved45_DriverIRQHandler
                0x000000000000014c                PORTA_DriverIRQHandler
                0x000000000000014c                TPM1_DriverIRQHandler
                0x000000000000014c                RTC_DriverIRQHandler
                0x000000000000014c                DMA1_DriverIRQHandler
                0x000000000000014c                I2C1_DriverIRQHandler
                0x000000000000014c                SPI0_DriverIRQHandler
                0x000000000000014c                ADC0_DriverIRQHandler
                0x000000000000014c                CMP0_DriverIRQHandler
                0x000000000000014c                DMA2_DriverIRQHandler
                0x000000000000014c                PORTD_DriverIRQHandler
                0x000000000000014c                I2C0_DriverIRQHandler
                0x000000000000014e                DMA0_IRQHandler
                0x0000000000000156                DMA1_IRQHandler
                0x000000000000015e                DMA2_IRQHandler
                0x0000000000000166                DMA3_IRQHandler
                0x000000000000016e                Reserved20_IRQHandler
                0x0000000000000176                FTFA_IRQHandler
                0x000000000000017e                LVD_LVW_IRQHandler
                0x0000000000000186                LLWU_IRQHandler
                0x000000000000018e                I2C0_IRQHandler
                0x0000000000000196                I2C1_IRQHandler
                0x000000000000019e                SPI0_IRQHandler
                0x00000000000001a6                SPI1_IRQHandler
                0x00000000000001ae                UART0_IRQHandler
                0x00000000000001b6                UART1_IRQHandler
                0x00000000000001be                UART2_IRQHandler
                0x00000000000001c6                ADC0_IRQHandler
                0x00000000000001ce                CMP0_IRQHandler
                0x00000000000001d6                TPM0_IRQHandler
                0x00000000000001de                TPM1_IRQHandler
                0x00000000000001e6                TPM2_IRQHandler
                0x00000000000001ee                RTC_IRQHandler
                0x00000000000001f6                RTC_Seconds_IRQHandler
                0x00000000000001fe                PIT_IRQHandler
                0x0000000000000206                Reserved39_IRQHandler
                0x000000000000020e                USB0_IRQHandler
                0x0000000000000216                DAC0_IRQHandler
                0x000000000000021e                TSI0_IRQHandler
                0x0000000000000226                MCG_IRQHandler
                0x000000000000022e                LPTMR0_IRQHandler
                0x0000000000000236                Reserved45_IRQHandler
                0x000000000000023e                PORTA_IRQHandler
                0x0000000000000246                PORTD_IRQHandler
                0x0000000000000400                . = 0x400
 *fill*         0x000000000000024e      0x1b2 ff
                0x0000000000000400                PROVIDE (__FLASH_CONFIG_START__ = .)
 *(SORT_BY_ALIGNMENT(.FlashConfig))
 .FlashConfig   0x0000000000000400       0x10 ./startup/startup_mkl25z4.o
                0x0000000000000400                Flash_Config
                0x0000000000000410                PROVIDE (__FLASH_CONFIG_END__ = .)
                0x0000000000000001                ASSERT (! ((__FLASH_CONFIG_START__ == __FLASH_CONFIG_END__)), Linker Flash Config Support Enabled, but no .FlashConfig section provided within application)
 *(SORT_BY_ALIGNMENT(.text*))
 .text.DbgConsole_Init
                0x0000000000000410       0xf4 ./utilities/fsl_debug_console.o
                0x0000000000000410                DbgConsole_Init
 .text.DbgConsole_Printf
                0x0000000000000504       0x44 ./utilities/fsl_debug_console.o
                0x0000000000000504                DbgConsole_Printf
 .text.DbgConsole_Putchar
                0x0000000000000548       0x34 ./utilities/fsl_debug_console.o
                0x0000000000000548                DbgConsole_Putchar
 .text.ADC16_GetChannelConversionValue
                0x000000000000057c       0x30 ./source/bsp.o
 .text.BSP_ReadAdc
                0x00000000000005ac       0x58 ./source/bsp.o
                0x00000000000005ac                BSP_ReadAdc
 .text.BSP_SendUart
                0x0000000000000604       0x28 ./source/bsp.o
                0x0000000000000604                BSP_SendUart
 .text.BSP_InitAdc
                0x000000000000062c       0x4c ./source/bsp.o
 .text.PRV_ReadSensor
                0x0000000000000678       0x28 ./source/main.o
 .text.PRV_PrepareMessage
                0x00000000000006a0       0x38 ./source/main.o
 .text.HardFault_Handler
                0x00000000000006d8       0x30 ./source/semihost_hardfault.o
                0x00000000000006d8                HardFault_Handler
 .text.CLOCK_EnableClock
                0x0000000000000708       0x34 ./drivers/fsl_adc16.o
 .text.ADC16_GetInstance
                0x000000000000073c       0x48 ./drivers/fsl_adc16.o
 .text.ADC16_Init
                0x0000000000000784      0x114 ./drivers/fsl_adc16.o
                0x0000000000000784                ADC16_Init
 .text.ADC16_GetDefaultConfig
                0x0000000000000898       0x58 ./drivers/fsl_adc16.o
                0x0000000000000898                ADC16_GetDefaultConfig
 .text.ADC16_SetChannelConfig
                0x00000000000008f0       0x6c ./drivers/fsl_adc16.o
                0x00000000000008f0                ADC16_SetChannelConfig
 .text.ADC16_GetChannelStatusFlags
                0x000000000000095c       0x40 ./drivers/fsl_adc16.o
                0x000000000000095c                ADC16_GetChannelStatusFlags
 .text.CLOCK_SetEr32kClock
                0x000000000000099c       0x34 ./drivers/fsl_clock.o
 .text.CLOCK_SetPllFllSelClock
                0x00000000000009d0       0x38 ./drivers/fsl_clock.o
 .text.CLOCK_GetMcgExtClkFreq
                0x0000000000000a08       0x28 ./drivers/fsl_clock.o
 .text.CLOCK_GetFllExtRefClkFreq
                0x0000000000000a30       0xa8 ./drivers/fsl_clock.o
 .text.CLOCK_GetFllRefClkFreq
                0x0000000000000ad8       0x2c ./drivers/fsl_clock.o
 .text.CLOCK_GetOscRangeFromFreq
                0x0000000000000b04       0x4c ./drivers/fsl_clock.o
 .text.CLOCK_GetPllFllSelClkFreq
                0x0000000000000b50       0x4c ./drivers/fsl_clock.o
                0x0000000000000b50                CLOCK_GetPllFllSelClkFreq
 .text.CLOCK_SetSimConfig
                0x0000000000000b9c       0x38 ./drivers/fsl_clock.o
                0x0000000000000b9c                CLOCK_SetSimConfig
 .text.CLOCK_GetFllFreq
                0x0000000000000bd4       0x84 ./drivers/fsl_clock.o
                0x0000000000000bd4                CLOCK_GetFllFreq
 .text.CLOCK_GetPll0Freq
                0x0000000000000c58       0x70 ./drivers/fsl_clock.o
                0x0000000000000c58                CLOCK_GetPll0Freq
 .text.CLOCK_SetInternalRefClkConfig
                0x0000000000000cc8      0x124 ./drivers/fsl_clock.o
                0x0000000000000cc8                CLOCK_SetInternalRefClkConfig
 .text.CLOCK_EnablePll0
                0x0000000000000dec       0x94 ./drivers/fsl_clock.o
                0x0000000000000dec                CLOCK_EnablePll0
 .text.CLOCK_InitOsc0
                0x0000000000000e80       0x94 ./drivers/fsl_clock.o
                0x0000000000000e80                CLOCK_InitOsc0
 .text.CLOCK_SetPbeMode
                0x0000000000000f14       0xb0 ./drivers/fsl_clock.o
                0x0000000000000f14                CLOCK_SetPbeMode
 .text.CLOCK_BootToPeeMode
                0x0000000000000fc4       0x70 ./drivers/fsl_clock.o
                0x0000000000000fc4                CLOCK_BootToPeeMode
 .text.__assertion_failed
                0x0000000000001034       0x1c ./drivers/fsl_common.o
                0x0000000000001034                __assertion_failed
 .text.CLOCK_EnableClock
                0x0000000000001050       0x34 ./drivers/fsl_lpsci.o
 .text.LPSCI_GetInstance
                0x0000000000001084       0x48 ./drivers/fsl_lpsci.o
                0x0000000000001084                LPSCI_GetInstance
 .text.LPSCI_Init
                0x00000000000010cc      0x258 ./drivers/fsl_lpsci.o
                0x00000000000010cc                LPSCI_Init
 .text.LPSCI_GetDefaultConfig
                0x0000000000001324       0x44 ./drivers/fsl_lpsci.o
                0x0000000000001324                LPSCI_GetDefaultConfig
 .text.LPSCI_ClearStatusFlags
                0x0000000000001368       0x94 ./drivers/fsl_lpsci.o
                0x0000000000001368                LPSCI_ClearStatusFlags
 .text.LPSCI_WriteBlocking
                0x00000000000013fc       0x4c ./drivers/fsl_lpsci.o
                0x00000000000013fc                LPSCI_WriteBlocking
 .text.LPSCI_ReadBlocking
                0x0000000000001448       0xc0 ./drivers/fsl_lpsci.o
                0x0000000000001448                LPSCI_ReadBlocking
 .text.UART0_DriverIRQHandler
                0x0000000000001508       0x24 ./drivers/fsl_lpsci.o
                0x0000000000001508                UART0_DriverIRQHandler
 .text.CLOCK_EnableClock
                0x000000000000152c       0x34 ./drivers/fsl_uart.o
 .text.UART_GetInstance
                0x0000000000001560       0x54 ./drivers/fsl_uart.o
                0x0000000000001560                UART_GetInstance
 .text.UART_Init
                0x00000000000015b4      0x1e0 ./drivers/fsl_uart.o
                0x00000000000015b4                UART_Init
 .text.UART_GetDefaultConfig
                0x0000000000001794       0x44 ./drivers/fsl_uart.o
                0x0000000000001794                UART_GetDefaultConfig
 .text.UART_ReadBlocking
                0x00000000000017d8       0x98 ./drivers/fsl_uart.o
                0x00000000000017d8                UART_ReadBlocking
 .text.UART1_DriverIRQHandler
                0x0000000000001870       0x24 ./drivers/fsl_uart.o
                0x0000000000001870                UART1_DriverIRQHandler
 .text.UART2_DriverIRQHandler
                0x0000000000001894       0x24 ./drivers/fsl_uart.o
                0x0000000000001894                UART2_DriverIRQHandler
 .text.CLOCK_SetLpsci0Clock
                0x00000000000018b8       0x38 ./board/board.o
 .text.BOARD_InitDebugConsole
                0x00000000000018f0       0x30 ./board/board.o
                0x00000000000018f0                BOARD_InitDebugConsole
 .text.CLOCK_SetSimSafeDivs
                0x0000000000001920       0x20 ./board/clock_config.o
 .text.CLOCK_SetXtal0Freq
                0x0000000000001940       0x1c ./board/clock_config.o
 .text.CLOCK_CONFIG_SetFllExtRefDiv
                0x000000000000195c       0x3c ./board/clock_config.o
 .text.BOARD_BootClockRUN
                0x0000000000001998       0x64 ./board/clock_config.o
                0x0000000000001998                BOARD_BootClockRUN
 .text.CLOCK_EnableClock
                0x00000000000019fc       0x34 ./board/pin_mux.o
 .text.PORT_SetPinMux
                0x0000000000001a30       0x40 ./board/pin_mux.o
 .text.BOARD_InitPins
                0x0000000000001a70       0x4c ./board/pin_mux.o
                0x0000000000001a70                BOARD_InitPins
 .text.SystemInit
                0x0000000000001abc       0x18 ./CMSIS/system_MKL25Z4.o
                0x0000000000001abc                SystemInit
 .text._initio  0x0000000000001ad4       0x7c /usr/local/mcuxpressoide-11.7.1_9221/ide/plugins/com.nxp.mcuxpresso.tools.linux_11.7.1.202301190959/tools/bin/../lib/gcc/arm-none-eabi/10.3.1/../../../../arm-none-eabi/lib/thumb/v6-m/nofp/libcr_c.a(initio.o)
                0x0000000000001ad4                _initio
 .text.__vfprintf
                0x0000000000001b50      0xd40 /usr/local/mcuxpressoide-11.7.1_9221/ide/plugins/com.nxp.mcuxpresso.tools.linux_11.7.1.202301190959/tools/bin/../lib/gcc/arm-none-eabi/10.3.1/../../../../arm-none-eabi/lib/thumb/v6-m/nofp/libcr_c.a(printf.o)
                0x0000000000001b50                __vfprintf
 .text._sprintf
                0x0000000000002890       0x6c /usr/local/mcuxpressoide-11.7.1_9221/ide/plugins/com.nxp.mcuxpresso.tools.linux_11.7.1.202301190959/tools/bin/../lib/gcc/arm-none-eabi/10.3.1/../../../../arm-none-eabi/lib/thumb/v6-m/nofp/libcr_c.a(printf.o)
                0x0000000000002890                _sprintf
 .text.setvbuf  0x00000000000028fc       0x4c /usr/local/mcuxpressoide-11.7.1_9221/ide/plugins/com.nxp.mcuxpresso.tools.linux_11.7.1.202301190959/tools/bin/../lib/gcc/arm-none-eabi/10.3.1/../../../../arm-none-eabi/lib/thumb/v6-m/nofp/libcr_c.a(setvbuf.o)
                0x00000000000028fc                setvbuf
 .text.strlen   0x0000000000002948       0x58 /usr/local/mcuxpressoide-11.7.1_9221/ide/plugins/com.nxp.mcuxpresso.tools.linux_11.7.1.202301190959/tools/bin/../lib/gcc/arm-none-eabi/10.3.1/../../../../arm-none-eabi/lib/thumb/v6-m/nofp/libcr_c.a(strlen.o)
                0x0000000000002948                strlen
 .text._deferredlazyseek
                0x00000000000029a0       0x40 /usr/local/mcuxpressoide-11.7.1_9221/ide/plugins/com.nxp.mcuxpresso.tools.linux_11.7.1.202301190959/tools/bin/../lib/gcc/arm-none-eabi/10.3.1/../../../../arm-none-eabi/lib/thumb/v6-m/nofp/libcr_c.a(_deferredlazyseek.o)
                0x00000000000029a0                _deferredlazyseek
 .text.__flsbuf
                0x00000000000029e0      0x150 /usr/local/mcuxpressoide-11.7.1_9221/ide/plugins/com.nxp.mcuxpresso.tools.linux_11.7.1.202301190959/tools/bin/../lib/gcc/arm-none-eabi/10.3.1/../../../../arm-none-eabi/lib/thumb/v6-m/nofp/libcr_c.a(_deferredlazyseek.o)
                0x00000000000029e0                __flsbuf
 .text._fdopen  0x0000000000002b30       0x74 /usr/local/mcuxpressoide-11.7.1_9221/ide/plugins/com.nxp.mcuxpresso.tools.linux_11.7.1.202301190959/tools/bin/../lib/gcc/arm-none-eabi/10.3.1/../../../../arm-none-eabi/lib/thumb/v6-m/nofp/libcr_c.a(_fdopen.o)
                0x0000000000002b30                _fdopen
 .text._fflush  0x0000000000002ba4       0x60 /usr/local/mcuxpressoide-11.7.1_9221/ide/plugins/com.nxp.mcuxpresso.tools.linux_11.7.1.202301190959/tools/bin/../lib/gcc/arm-none-eabi/10.3.1/../../../../arm-none-eabi/lib/thumb/v6-m/nofp/libcr_c.a(_fflush.o)
                0x0000000000002ba4                _fflush
 .text._Cwritebuf
                0x0000000000002c04       0x68 /usr/local/mcuxpressoide-11.7.1_9221/ide/plugins/com.nxp.mcuxpresso.tools.linux_11.7.1.202301190959/tools/bin/../lib/gcc/arm-none-eabi/10.3.1/../../../../arm-none-eabi/lib/thumb/v6-m/nofp/libcr_c.a(_writebuf.o)
                0x0000000000002c04                _Cwritebuf
 .text.malloc   0x0000000000002c6c       0xcc /usr/local/mcuxpressoide-11.7.1_9221/ide/plugins/com.nxp.mcuxpresso.tools.linux_11.7.1.202301190959/tools/bin/../lib/gcc/arm-none-eabi/10.3.1/../../../../arm-none-eabi/lib/thumb/v6-m/nofp/libcr_c.a(alloc.o)
                0x0000000000002c6c                malloc
 .text._Csys_alloc
                0x0000000000002d38       0x20 /usr/local/mcuxpressoide-11.7.1_9221/ide/plugins/com.nxp.mcuxpresso.tools.linux_11.7.1.202301190959/tools/bin/../lib/gcc/arm-none-eabi/10.3.1/../../../../arm-none-eabi/lib/thumb/v6-m/nofp/libcr_c.a(alloc.o)
                0x0000000000002d38                _Csys_alloc
 .text.fclose   0x0000000000002d58       0x5c /usr/local/mcuxpressoide-11.7.1_9221/ide/plugins/com.nxp.mcuxpresso.tools.linux_11.7.1.202301190959/tools/bin/../lib/gcc/arm-none-eabi/10.3.1/../../../../arm-none-eabi/lib/thumb/v6-m/nofp/libcr_c.a(fclose.o)
                0x0000000000002d58                fclose
 .text.fflush   0x0000000000002db4       0x44 /usr/local/mcuxpressoide-11.7.1_9221/ide/plugins/com.nxp.mcuxpresso.tools.linux_11.7.1.202301190959/tools/bin/../lib/gcc/arm-none-eabi/10.3.1/../../../../arm-none-eabi/lib/thumb/v6-m/nofp/libcr_c.a(fflush.o)
                0x0000000000002db4                fflush
 .text.fseek    0x0000000000002df8       0xf0 /usr/local/mcuxpressoide-11.7.1_9221/ide/plugins/com.nxp.mcuxpresso.tools.linux_11.7.1.202301190959/tools/bin/../lib/gcc/arm-none-eabi/10.3.1/../../../../arm-none-eabi/lib/thumb/v6-m/nofp/libcr_c.a(fseek.o)
                0x0000000000002df8                fseek
 .text.ftell    0x0000000000002ee8       0x48 /usr/local/mcuxpressoide-11.7.1_9221/ide/plugins/com.nxp.mcuxpresso.tools.linux_11.7.1.202301190959/tools/bin/../lib/gcc/arm-none-eabi/10.3.1/../../../../arm-none-eabi/lib/thumb/v6-m/nofp/libcr_c.a(ftell.o)
                0x0000000000002ee8                ftell
 .text._sbrk    0x0000000000002f30       0x44 /usr/local/mcuxpressoide-11.7.1_9221/ide/plugins/com.nxp.mcuxpresso.tools.linux_11.7.1.202301190959/tools/bin/../lib/gcc/arm-none-eabi/10.3.1/../../../../arm-none-eabi/lib/thumb/v6-m/nofp/libcr_c.a(_cr_sbrk.o)
                0x0000000000002f30                _sbrk
 .text._do_fflush
                0x0000000000002f74       0x48 /usr/local/mcuxpressoide-11.7.1_9221/ide/plugins/com.nxp.mcuxpresso.tools.linux_11.7.1.202301190959/tools/bin/../lib/gcc/arm-none-eabi/10.3.1/../../../../arm-none-eabi/lib/thumb/v6-m/nofp/libcr_c.a(_do_fflush.o)
                0x0000000000002f74                _do_fflush
 .text.__check_heap_overflow
                0x0000000000002fbc       0x18 /usr/local/mcuxpressoide-11.7.1_9221/ide/plugins/com.nxp.mcuxpresso.tools.linux_11.7.1.202301190959/tools/bin/../lib/gcc/arm-none-eabi/10.3.1/../../../../arm-none-eabi/lib/thumb/v6-m/nofp/libcr_c.a(_cr_check_heap.o)
                0x0000000000002fbc                __check_heap_overflow
 .text.UART_EnableTx
                0x0000000000002fd4       0x40 ./utilities/fsl_debug_console.o
 .text.UART_EnableRx
                0x0000000000003014       0x40 ./utilities/fsl_debug_console.o
 .text.LPSCI_EnableTx
                0x0000000000003054       0x40 ./utilities/fsl_debug_console.o
 .text.LPSCI_EnableRx
                0x0000000000003094       0x40 ./utilities/fsl_debug_console.o
 .text.DbgConsole_PrintfPaddingCharacter
                0x00000000000030d4       0x48 ./utilities/fsl_debug_console.o
 .text.DbgConsole_ConvertRadixNumToString
                0x000000000000311c      0x114 ./utilities/fsl_debug_console.o
 .text.DbgConsole_PrintfFormattedData
                0x0000000000003230      0x33a ./utilities/fsl_debug_console.o
 .text.ADC16_EnableHardwareTrigger
                0x000000000000356a       0x3a ./source/bsp.o
 .text.BSP_InitBoard
                0x00000000000035a4       0x1e ./source/bsp.o
                0x00000000000035a4                BSP_InitBoard
 .text.main     0x00000000000035c2       0x22 ./source/main.o
                0x00000000000035c2                main
 .text.PRV_ReadSensorAndSend
                0x00000000000035e4       0x4c ./source/main.o
 .text.ADC16_DoAutoCalibration
                0x0000000000003630      0x118 ./drivers/fsl_adc16.o
                0x0000000000003630                ADC16_DoAutoCalibration
 .text.ADC16_SetHardwareAverage
                0x0000000000003748       0x40 ./drivers/fsl_adc16.o
                0x0000000000003748                ADC16_SetHardwareAverage
 .text.ADC16_GetStatusFlags
                0x0000000000003788       0x3a ./drivers/fsl_adc16.o
                0x0000000000003788                ADC16_GetStatusFlags
 .text.OSC_SetExtRefClkConfig
                0x00000000000037c2       0x3e ./drivers/fsl_clock.o
 .text.OSC_SetCapLoad
                0x0000000000003800       0x42 ./drivers/fsl_clock.o
 .text.CLOCK_GetPll0RefFreq
                0x0000000000003842       0x10 ./drivers/fsl_clock.o
 .text.CLOCK_SetExternalRefClkConfig
                0x0000000000003852       0x16 ./drivers/fsl_clock.o
                0x0000000000003852                CLOCK_SetExternalRefClkConfig
 .text.LPSCI_GetStatusFlags
                0x0000000000003868       0x26 ./drivers/fsl_lpsci.o
                0x0000000000003868                LPSCI_GetStatusFlags
 .text.UART_GetStatusFlags
                0x000000000000388e       0x26 ./drivers/fsl_uart.o
                0x000000000000388e                UART_GetStatusFlags
 .text.UART_WriteBlocking
                0x00000000000038b4       0x3c ./drivers/fsl_uart.o
                0x00000000000038b4                UART_WriteBlocking
 .text.BOARD_InitBootClocks
                0x00000000000038f0        0xe ./board/clock_config.o
                0x00000000000038f0                BOARD_InitBootClocks
 .text.BOARD_InitBootPeripherals
                0x00000000000038fe        0xa ./board/peripherals.o
                0x00000000000038fe                BOARD_InitBootPeripherals
 .text.BOARD_InitBootPins
                0x0000000000003908        0xe ./board/pin_mux.o
                0x0000000000003908                BOARD_InitBootPins
 .text.__main   0x0000000000003916        0xc /usr/local/mcuxpressoide-11.7.1_9221/ide/plugins/com.nxp.mcuxpresso.tools.linux_11.7.1.202301190959/tools/bin/../lib/gcc/arm-none-eabi/10.3.1/../../../../arm-none-eabi/lib/thumb/v6-m/nofp/libcr_nohost_nf.a(_cr__main.o)
                0x0000000000003916                __main
 .text.memset   0x0000000000003922        0x8 /usr/local/mcuxpressoide-11.7.1_9221/ide/plugins/com.nxp.mcuxpresso.tools.linux_11.7.1.202301190959/tools/bin/../lib/gcc/arm-none-eabi/10.3.1/../../../../arm-none-eabi/lib/thumb/v6-m/nofp/libcr_c.a(memset.o)
                0x0000000000003922                memset
 .text.no_fp_display
                0x000000000000392a        0x4 /usr/local/mcuxpressoide-11.7.1_9221/ide/plugins/com.nxp.mcuxpresso.tools.linux_11.7.1.202301190959/tools/bin/../lib/gcc/arm-none-eabi/10.3.1/../../../../arm-none-eabi/lib/thumb/v6-m/nofp/libcr_c.a(printf.o)
 .text.free     0x000000000000392e       0x2c /usr/local/mcuxpressoide-11.7.1_9221/ide/plugins/com.nxp.mcuxpresso.tools.linux_11.7.1.202301190959/tools/bin/../lib/gcc/arm-none-eabi/10.3.1/../../../../arm-none-eabi/lib/thumb/v6-m/nofp/libcr_c.a(alloc.o)
                0x000000000000392e                free
 .text.remove   0x000000000000395a       0x12 /usr/local/mcuxpressoide-11.7.1_9221/ide/plugins/com.nxp.mcuxpresso.tools.linux_11.7.1.202301190959/tools/bin/../lib/gcc/arm-none-eabi/10.3.1/../../../../arm-none-eabi/lib/thumb/v6-m/nofp/libcr_c.a(remove.o)
                0x000000000000395a                remove
 .text.__aeabi_division_idivmod
                0x000000000000396c       0x78 /usr/local/mcuxpressoide-11.7.1_9221/ide/plugins/com.nxp.mcuxpresso.tools.linux_11.7.1.202301190959/tools/bin/../lib/gcc/arm-none-eabi/10.3.1/thumb/v6-m/nofp/libcr_eabihelpers.a(division_32.o)
                0x000000000000396c                __aeabi_idiv
                0x000000000000396c                __aeabi_idivmod
                0x0000000000003972                __aeabi_uidiv
                0x0000000000003972                __aeabi_uidivmod
 .text.__aeabi_division_idiv0
                0x00000000000039e4        0x2 /usr/local/mcuxpressoide-11.7.1_9221/ide/plugins/com.nxp.mcuxpresso.tools.linux_11.7.1.202301190959/tools/bin/../lib/gcc/arm-none-eabi/10.3.1/thumb/v6-m/nofp/libcr_eabihelpers.a(division_idiv0.o)
                0x00000000000039e4                __aeabi_idiv0
 .text.__aeabi_llong_lmul
                0x00000000000039e6       0x2e /usr/local/mcuxpressoide-11.7.1_9221/ide/plugins/com.nxp.mcuxpresso.tools.linux_11.7.1.202301190959/tools/bin/../lib/gcc/arm-none-eabi/10.3.1/thumb/v6-m/nofp/libcr_eabihelpers.a(llong.o)
                0x00000000000039e6                __aeabi_lmul
 .text.__aeabi_memset_lowlevel
                0x0000000000003a14       0x2a /usr/local/mcuxpressoide-11.7.1_9221/ide/plugins/com.nxp.mcuxpresso.tools.linux_11.7.1.202301190959/tools/bin/../lib/gcc/arm-none-eabi/10.3.1/thumb/v6-m/nofp/libcr_eabihelpers.a(memcpy.o)
                0x0000000000003a14                __aeabi_lowlevel_memset
 .text.__gnu_thumb1_case_shi
                0x0000000000003a3e       0x10 /usr/local/mcuxpressoide-11.7.1_9221/ide/plugins/com.nxp.mcuxpresso.tools.linux_11.7.1.202301190959/tools/bin/../lib/gcc/arm-none-eabi/10.3.1/thumb/v6-m/nofp/libcr_eabihelpers.a(thumb1_switch_helpers.o)
                0x0000000000003a3e                __gnu_thumb1_case_shi
 .text.__sys_appexit
                0x0000000000003a4e        0x2 /usr/local/mcuxpressoide-11.7.1_9221/ide/plugins/com.nxp.mcuxpresso.tools.linux_11.7.1.202301190959/tools/bin/../lib/gcc/arm-none-eabi/10.3.1/../../../../arm-none-eabi/lib/thumb/v6-m/nofp/libcr_nohost_nf.a(__sys_appexit.o)
                0x0000000000003a4e                __exit
                0x0000000000003a4e                __sys_appexit
 .text.__sys_close
                0x0000000000003a50        0x6 /usr/local/mcuxpressoide-11.7.1_9221/ide/plugins/com.nxp.mcuxpresso.tools.linux_11.7.1.202301190959/tools/bin/../lib/gcc/arm-none-eabi/10.3.1/../../../../arm-none-eabi/lib/thumb/v6-m/nofp/libcr_nohost_nf.a(__sys_close.o)
                0x0000000000003a50                __sys_close
 .text.__sys_flen
                0x0000000000003a56        0x6 /usr/local/mcuxpressoide-11.7.1_9221/ide/plugins/com.nxp.mcuxpresso.tools.linux_11.7.1.202301190959/tools/bin/../lib/gcc/arm-none-eabi/10.3.1/../../../../arm-none-eabi/lib/thumb/v6-m/nofp/libcr_nohost_nf.a(__sys_flen.o)
                0x0000000000003a56                __sys_flen
 .text.__sys_istty
                0x0000000000003a5c        0x6 /usr/local/mcuxpressoide-11.7.1_9221/ide/plugins/com.nxp.mcuxpresso.tools.linux_11.7.1.202301190959/tools/bin/../lib/gcc/arm-none-eabi/10.3.1/../../../../arm-none-eabi/lib/thumb/v6-m/nofp/libcr_nohost_nf.a(__sys_istty.o)
                0x0000000000003a5c                __sys_istty
 .text.__sys_remove
                0x0000000000003a62        0x6 /usr/local/mcuxpressoide-11.7.1_9221/ide/plugins/com.nxp.mcuxpresso.tools.linux_11.7.1.202301190959/tools/bin/../lib/gcc/arm-none-eabi/10.3.1/../../../../arm-none-eabi/lib/thumb/v6-m/nofp/libcr_nohost_nf.a(__sys_remove.o)
                0x0000000000003a62                __sys_remove
 .text.__sys_seek
                0x0000000000003a68        0x6 /usr/local/mcuxpressoide-11.7.1_9221/ide/plugins/com.nxp.mcuxpresso.tools.linux_11.7.1.202301190959/tools/bin/../lib/gcc/arm-none-eabi/10.3.1/../../../../arm-none-eabi/lib/thumb/v6-m/nofp/libcr_nohost_nf.a(__sys_seek.o)
                0x0000000000003a68                __sys_seek
 .text.__sys_tmpnam
                0x0000000000003a6e        0x6 /usr/local/mcuxpressoide-11.7.1_9221/ide/plugins/com.nxp.mcuxpresso.tools.linux_11.7.1.202301190959/tools/bin/../lib/gcc/arm-none-eabi/10.3.1/../../../../arm-none-eabi/lib/thumb/v6-m/nofp/libcr_nohost_nf.a(__sys_tmpnam.o)
                0x0000000000003a6e                __sys_tmpnam
 .text.__sys_write
                0x0000000000003a74        0x4 /usr/local/mcuxpressoide-11.7.1_9221/ide/plugins/com.nxp.mcuxpresso.tools.linux_11.7.1.202301190959/tools/bin/../lib/gcc/arm-none-eabi/10.3.1/../../../../arm-none-eabi/lib/thumb/v6-m/nofp/libcr_nohost_nf.a(__sys_write.o)
                0x0000000000003a74                __sys_write
 *(SORT_BY_ALIGNMENT(.rodata) SORT_BY_ALIGNMENT(.rodata.*) SORT_BY_ALIGNMENT(.constdata) SORT_BY_ALIGNMENT(.constdata.*))
 .rodata.ADC16_GetChannelConversionValue.str1.4
                0x0000000000003a78       0x72 ./source/bsp.o
 *fill*         0x0000000000003aea        0x2 ff
 .rodata.PRV_PrepareMessage.str1.4
                0x0000000000003aec        0x7 ./source/main.o
 *fill*         0x0000000000003af3        0x1 ff
 .rodata.ADC16_GetInstance.str1.4
                0x0000000000003af4       0x35 ./drivers/fsl_adc16.o
 *fill*         0x0000000000003b29        0x3 ff
 .rodata.ADC16_Init.str1.4
                0x0000000000003b2c       0x20 ./drivers/fsl_adc16.o
 .rodata.ADC16_GetDefaultConfig.str1.4
                0x0000000000003b4c       0x21 ./drivers/fsl_adc16.o
 *fill*         0x0000000000003b6d        0x3 ff
 .rodata.ADC16_SetChannelConfig.str1.4
                0x0000000000003b70       0x51 ./drivers/fsl_adc16.o
 *fill*         0x0000000000003bc1        0x3 ff
 .rodata.ADC16_GetChannelStatusFlags.str1.4
                0x0000000000003bc4       0x2f ./drivers/fsl_adc16.o
 *fill*         0x0000000000003bf3        0x1 ff
 .rodata.CLOCK_GetMcgExtClkFreq.str1.4
                0x0000000000003bf4       0x1e ./drivers/fsl_clock.o
 *fill*         0x0000000000003c12        0x2 ff
 .rodata.CLOCK_GetPll0Freq.str1.4
                0x0000000000003c14       0x1d ./drivers/fsl_clock.o
 *fill*         0x0000000000003c31        0x3 ff
 .rodata.CLOCK_EnablePll0.str1.4
                0x0000000000003c34       0x19 ./drivers/fsl_clock.o
 *fill*         0x0000000000003c4d        0x3 ff
 .rodata.CLOCK_SetPbeMode.str1.4
                0x0000000000003c50       0x1a ./drivers/fsl_clock.o
 *fill*         0x0000000000003c6a        0x2 ff
 .rodata.CLOCK_BootToPeeMode.str1.4
                0x0000000000003c6c       0x1a ./drivers/fsl_clock.o
 *fill*         0x0000000000003c86        0x2 ff
 .rodata.fllFactorTable.1
                0x0000000000003c88       0x10 ./drivers/fsl_clock.o
 .rodata.__assertion_failed.str1.4
                0x0000000000003c98        0x4 ./drivers/fsl_common.o
 .rodata.LPSCI_GetInstance.str1.4
                0x0000000000003c9c       0x36 ./drivers/fsl_lpsci.o
 *fill*         0x0000000000003cd2        0x2 ff
 .rodata.LPSCI_Init.str1.4
                0x0000000000003cd4       0x43 ./drivers/fsl_lpsci.o
 *fill*         0x0000000000003d17        0x1 ff
 .rodata.LPSCI_GetDefaultConfig.str1.4
                0x0000000000003d18       0x19 ./drivers/fsl_lpsci.o
 *fill*         0x0000000000003d31        0x3 ff
 .rodata.LPSCI_WriteBlocking.str1.4
                0x0000000000003d34       0x17 ./drivers/fsl_lpsci.o
 *fill*         0x0000000000003d4b        0x1 ff
 .rodata.LPSCI_ReadBlocking.str1.4
                0x0000000000003d4c       0x17 ./drivers/fsl_lpsci.o
 *fill*         0x0000000000003d63        0x1 ff
 .rodata.s_uartBases
                0x0000000000003d64        0xc ./drivers/fsl_uart.o
 .rodata.s_uartClock
                0x0000000000003d70        0xc ./drivers/fsl_uart.o
 .rodata.UART_GetInstance.str1.4
                0x0000000000003d7c       0x2b ./drivers/fsl_uart.o
 *fill*         0x0000000000003da7        0x1 ff
 .rodata.UART_Init.str1.4
                0x0000000000003da8       0x3e ./drivers/fsl_uart.o
 *fill*         0x0000000000003de6        0x2 ff
 .rodata.UART_GetDefaultConfig.str1.4
                0x0000000000003de8       0x18 ./drivers/fsl_uart.o
 .rodata.UART_ReadBlocking.str1.4
                0x0000000000003e00       0x16 ./drivers/fsl_uart.o
 *fill*         0x0000000000003e16        0x2 ff
 .rodata.mcgConfig_BOARD_BootClockRUN
                0x0000000000003e18        0xa ./board/clock_config.o
                0x0000000000003e18                mcgConfig_BOARD_BootClockRUN
 *fill*         0x0000000000003e22        0x2 ff
 .rodata.simConfig_BOARD_BootClockRUN
                0x0000000000003e24        0x8 ./board/clock_config.o
                0x0000000000003e24                simConfig_BOARD_BootClockRUN
 .rodata.oscConfig_BOARD_BootClockRUN
                0x0000000000003e2c        0x8 ./board/clock_config.o
                0x0000000000003e2c                oscConfig_BOARD_BootClockRUN
 .rodata.__num_Ciob_streams
                0x0000000000003e34        0x4 /usr/local/mcuxpressoide-11.7.1_9221/ide/plugins/com.nxp.mcuxpresso.tools.linux_11.7.1.202301190959/tools/bin/../lib/gcc/arm-none-eabi/10.3.1/../../../../arm-none-eabi/lib/thumb/v6-m/nofp/libcr_nohost_nf.a(__ciob.o)
                0x0000000000003e34                __num_Ciob_streams
 .rodata._initio.str1.1
                0x0000000000003e38        0x4 /usr/local/mcuxpressoide-11.7.1_9221/ide/plugins/com.nxp.mcuxpresso.tools.linux_11.7.1.202301190959/tools/bin/../lib/gcc/arm-none-eabi/10.3.1/../../../../arm-none-eabi/lib/thumb/v6-m/nofp/libcr_c.a(initio.o)
 .rodata.__vfprintf.str1.1
                0x0000000000003e3c       0x37 /usr/local/mcuxpressoide-11.7.1_9221/ide/plugins/com.nxp.mcuxpresso.tools.linux_11.7.1.202301190959/tools/bin/../lib/gcc/arm-none-eabi/10.3.1/../../../../arm-none-eabi/lib/thumb/v6-m/nofp/libcr_c.a(printf.o)
                                         0x38 (size before relaxing)
 .rodata._Csys_alloc.str1.1
                0x0000000000003e73       0x18 /usr/local/mcuxpressoide-11.7.1_9221/ide/plugins/com.nxp.mcuxpresso.tools.linux_11.7.1.202301190959/tools/bin/../lib/gcc/arm-none-eabi/10.3.1/../../../../arm-none-eabi/lib/thumb/v6-m/nofp/libcr_c.a(alloc.o)
                0x0000000000003e8c                . = ALIGN (0x4)
 *fill*         0x0000000000003e8b        0x1 ff

.glue_7         0x0000000000003e8c        0x0
 .glue_7        0x0000000000003e8c        0x0 linker stubs

.glue_7t        0x0000000000003e8c        0x0
 .glue_7t       0x0000000000003e8c        0x0 linker stubs

.vfp11_veneer   0x0000000000003e8c        0x0
 .vfp11_veneer  0x0000000000003e8c        0x0 linker stubs

.v4_bx          0x0000000000003e8c        0x0
 .v4_bx         0x0000000000003e8c        0x0 linker stubs

.iplt           0x0000000000003e8c        0x0
 .iplt          0x0000000000003e8c        0x0 ./utilities/fsl_debug_console.o

.rel.dyn        0x0000000000003e8c        0x0
 .rel.iplt      0x0000000000003e8c        0x0 ./utilities/fsl_debug_console.o

.ARM.extab
 *(SORT_BY_ALIGNMENT(.ARM.extab*) SORT_BY_ALIGNMENT(.gnu.linkonce.armextab.*))

.ARM.exidx      0x0000000000003e8c        0x0
                0x0000000000003e8c                __exidx_start = .
 *(SORT_BY_ALIGNMENT(.ARM.exidx*) SORT_BY_ALIGNMENT(.gnu.linkonce.armexidx.*))
                0x0000000000003e8c                __exidx_end = .
                0x0000000000003e8c                _etext = .

.m_usb_data
 *(SORT_BY_ALIGNMENT(m_usb_bdt))

.mtb_buffer_default
                0x000000001ffff000       0x80
 *(SORT_BY_ALIGNMENT(.mtb*))
 .mtb.$RAM1     0x000000001ffff000       0x80 ./source/mtb.o
                0x000000001ffff000                __mtb_buffer__

.uninit_RESERVED
                0x000000001ffff080        0x0
                0x000000001ffff080                _start_uninit_RESERVED = .
 *(SORT_BY_ALIGNMENT(.bss.$RESERVED*))
                0x000000001ffff080                . = ALIGN (0x4)
                0x000000001ffff080                _end_uninit_RESERVED = .

.data           0x000000001ffff080        0xc load address 0x0000000000003e8c
 FILL mask 0xff
                0x000000001ffff080                _data = .
                [!provide]                        PROVIDE (__start_data_RAM = .)
                [!provide]                        PROVIDE (__start_data_SRAM = .)
 *(SORT_BY_ALIGNMENT(vtable))
 *(SORT_BY_ALIGNMENT(.ramfunc*))
 *(SORT_BY_ALIGNMENT(CodeQuickAccess))
 *(SORT_BY_ALIGNMENT(DataQuickAccess))
 *(SORT_BY_ALIGNMENT(RamFunction))
 *(SORT_BY_ALIGNMENT(.data*))
 .data.sensors_channels.1
                0x000000001ffff080        0x4 ./source/main.o
 .data.s_slowIrcFreq
                0x000000001ffff084        0x4 ./drivers/fsl_clock.o
 .data.SystemCoreClock
                0x000000001ffff088        0x4 ./CMSIS/system_MKL25Z4.o
                0x000000001ffff088                SystemCoreClock
                0x000000001ffff08c                . = ALIGN (0x4)
                0x000000001ffff08c                _edata = .
                [!provide]                        PROVIDE (__end_data_RAM = .)
                [!provide]                        PROVIDE (__end_data_SRAM = .)

.igot.plt       0x000000001ffff08c        0x0 load address 0x0000000000003e98
 .igot.plt      0x000000001ffff08c        0x0 ./utilities/fsl_debug_console.o

.bss            0x000000001ffff08c      0x108
                0x000000001ffff08c                _bss = .
                [!provide]                        PROVIDE (__start_bss_RAM = .)
                [!provide]                        PROVIDE (__start_bss_SRAM = .)
 *(SORT_BY_ALIGNMENT(.bss*))
 .bss.s_debugConsole
                0x000000001ffff08c       0x10 ./utilities/fsl_debug_console.o
 .bss.adc_channel_config.0
                0x000000001ffff09c        0x8 ./source/bsp.o
 .bss.message_string.0
                0x000000001ffff0a4       0x14 ./source/main.o
 .bss.g_xtal0Freq
                0x000000001ffff0b8        0x4 ./drivers/fsl_clock.o
                0x000000001ffff0b8                g_xtal0Freq
 .bss.s_lpsciHandle
                0x000000001ffff0bc        0x4 ./drivers/fsl_lpsci.o
 .bss.s_lpsciIsr
                0x000000001ffff0c0        0x4 ./drivers/fsl_lpsci.o
 .bss.s_uartHandle
                0x000000001ffff0c4        0xc ./drivers/fsl_uart.o
 .bss.s_uartIsr
                0x000000001ffff0d0        0x4 ./drivers/fsl_uart.o
 .bss.__end_of_heap
                0x000000001ffff0d4        0x4 /usr/local/mcuxpressoide-11.7.1_9221/ide/plugins/com.nxp.mcuxpresso.tools.linux_11.7.1.202301190959/tools/bin/../lib/gcc/arm-none-eabi/10.3.1/../../../../arm-none-eabi/lib/thumb/v6-m/nofp/libcr_c.a(__init_alloc.o)
                0x000000001ffff0d4                __end_of_heap
 .bss.__heaps   0x000000001ffff0d8        0x4 /usr/local/mcuxpressoide-11.7.1_9221/ide/plugins/com.nxp.mcuxpresso.tools.linux_11.7.1.202301190959/tools/bin/../lib/gcc/arm-none-eabi/10.3.1/../../../../arm-none-eabi/lib/thumb/v6-m/nofp/libcr_c.a(__init_alloc.o)
                0x000000001ffff0d8                __heaps
 .bss.errno     0x000000001ffff0dc        0x4 /usr/local/mcuxpressoide-11.7.1_9221/ide/plugins/com.nxp.mcuxpresso.tools.linux_11.7.1.202301190959/tools/bin/../lib/gcc/arm-none-eabi/10.3.1/../../../../arm-none-eabi/lib/thumb/v6-m/nofp/libcr_c.a(errno.o)
                0x000000001ffff0dc                errno
 .bss.__Ciob    0x000000001ffff0e0       0xb4 /usr/local/mcuxpressoide-11.7.1_9221/ide/plugins/com.nxp.mcuxpresso.tools.linux_11.7.1.202301190959/tools/bin/../lib/gcc/arm-none-eabi/10.3.1/../../../../arm-none-eabi/lib/thumb/v6-m/nofp/libcr_nohost_nf.a(__ciob.o)
                0x000000001ffff0e0                __Ciob
 *(SORT_BY_ALIGNMENT(COMMON))
                0x000000001ffff194                . = ALIGN (0x4)
                0x000000001ffff194                _ebss = .
                [!provide]                        PROVIDE (__end_bss_RAM = .)
                [!provide]                        PROVIDE (__end_bss_SRAM = .)
                [!provide]                        PROVIDE (end = .)

.noinit         0x000000001ffff194        0x0
                0x000000001ffff194                _noinit = .
                [!provide]                        PROVIDE (__start_noinit_RAM = .)
                [!provide]                        PROVIDE (__start_noinit_SRAM = .)
 *(SORT_BY_ALIGNMENT(.noinit*))
                0x000000001ffff194                . = ALIGN (0x4)
                0x000000001ffff194                _end_noinit = .
                [!provide]                        PROVIDE (__end_noinit_RAM = .)
                [!provide]                        PROVIDE (__end_noinit_SRAM = .)
                0x0000000000000400                _HeapSize = 0x400

.heap           0x000000001ffff194      0x400
                0x000000001ffff194                _pvHeapStart = .
                0x000000001ffff594                . = (. + _HeapSize)
 *fill*         0x000000001ffff194      0x400 
                0x000000001ffff594                . = ALIGN (0x4)
                0x000000001ffff594                _pvHeapLimit = .
                0x0000000000000400                _StackSize = 0x400

.heap2stackfill
                0x000000001ffff594      0x400
                0x000000001ffff994                . = (. + _StackSize)
 *fill*         0x000000001ffff594      0x400 

.stack          0x0000000020002c00        0x0
                0x0000000020002c00                _vStackBase = .
                0x0000000020002c00                . = ALIGN (0x4)
                0x0000000020003000                _vStackTop = (. + _StackSize)
                0x0000000000000000                _image_start = LOADADDR (.text)
                0x0000000000003e98                _image_end = (LOADADDR (.data) + SIZEOF (.data))
                0x0000000000003e98                _image_size = (_image_end - _image_start)
OUTPUT(TurbiditySensor.axf elf32-littlearm)
LOAD linker stubs

.debug_info     0x0000000000000000     0x8610
 .debug_info    0x0000000000000000      0xe16 ./utilities/fsl_debug_console.o
 .debug_info    0x0000000000000e16      0x4eb ./startup/startup_mkl25z4.o
 .debug_info    0x0000000000001301      0x698 ./source/bsp.o
 .debug_info    0x0000000000001999      0x1d5 ./source/main.o
 .debug_info    0x0000000000001b6e       0x53 ./source/mtb.o
 .debug_info    0x0000000000001bc1       0x3c ./source/semihost_hardfault.o
 .debug_info    0x0000000000001bfd      0xc42 ./drivers/fsl_adc16.o
 .debug_info    0x000000000000283f     0x1a5a ./drivers/fsl_clock.o
 .debug_info    0x0000000000004299      0x3e8 ./drivers/fsl_common.o
 .debug_info    0x0000000000004681     0x140d ./drivers/fsl_lpsci.o
 .debug_info    0x0000000000005a8e     0x13ae ./drivers/fsl_uart.o
 .debug_info    0x0000000000006e3c      0x394 ./board/board.o
 .debug_info    0x00000000000071d0      0xabc ./board/clock_config.o
 .debug_info    0x0000000000007c8c       0x3c ./board/peripherals.o
 .debug_info    0x0000000000007cc8      0x547 ./board/pin_mux.o
 .debug_info    0x000000000000820f      0x401 ./CMSIS/system_MKL25Z4.o

.debug_abbrev   0x0000000000000000     0x1b4a
 .debug_abbrev  0x0000000000000000      0x2a5 ./utilities/fsl_debug_console.o
 .debug_abbrev  0x00000000000002a5      0x198 ./startup/startup_mkl25z4.o
 .debug_abbrev  0x000000000000043d      0x1ba ./source/bsp.o
 .debug_abbrev  0x00000000000005f7       0xee ./source/main.o
 .debug_abbrev  0x00000000000006e5       0x46 ./source/mtb.o
 .debug_abbrev  0x000000000000072b       0x31 ./source/semihost_hardfault.o
 .debug_abbrev  0x000000000000075c      0x270 ./drivers/fsl_adc16.o
 .debug_abbrev  0x00000000000009cc      0x357 ./drivers/fsl_clock.o
 .debug_abbrev  0x0000000000000d23      0x25b ./drivers/fsl_common.o
 .debug_abbrev  0x0000000000000f7e      0x2d7 ./drivers/fsl_lpsci.o
 .debug_abbrev  0x0000000000001255      0x2f1 ./drivers/fsl_uart.o
 .debug_abbrev  0x0000000000001546      0x11b ./board/board.o
 .debug_abbrev  0x0000000000001661      0x201 ./board/clock_config.o
 .debug_abbrev  0x0000000000001862       0x31 ./board/peripherals.o
 .debug_abbrev  0x0000000000001893      0x189 ./board/pin_mux.o
 .debug_abbrev  0x0000000000001a1c      0x12e ./CMSIS/system_MKL25Z4.o

.debug_aranges  0x0000000000000000      0x888
 .debug_aranges
                0x0000000000000000       0x90 ./utilities/fsl_debug_console.o
 .debug_aranges
                0x0000000000000090      0x160 ./startup/startup_mkl25z4.o
 .debug_aranges
                0x00000000000001f0       0x48 ./source/bsp.o
 .debug_aranges
                0x0000000000000238       0x38 ./source/main.o
 .debug_aranges
                0x0000000000000270       0x18 ./source/mtb.o
 .debug_aranges
                0x0000000000000288       0x20 ./source/semihost_hardfault.o
 .debug_aranges
                0x00000000000002a8       0x88 ./drivers/fsl_adc16.o
 .debug_aranges
                0x0000000000000330      0x1d8 ./drivers/fsl_clock.o
 .debug_aranges
                0x0000000000000508       0x38 ./drivers/fsl_common.o
 .debug_aranges
                0x0000000000000540      0x118 ./drivers/fsl_lpsci.o
 .debug_aranges
                0x0000000000000658      0x130 ./drivers/fsl_uart.o
 .debug_aranges
                0x0000000000000788       0x28 ./board/board.o
 .debug_aranges
                0x00000000000007b0       0x58 ./board/clock_config.o
 .debug_aranges
                0x0000000000000808       0x20 ./board/peripherals.o
 .debug_aranges
                0x0000000000000828       0x38 ./board/pin_mux.o
 .debug_aranges
                0x0000000000000860       0x28 ./CMSIS/system_MKL25Z4.o

.debug_ranges   0x0000000000000000      0x780
 .debug_ranges  0x0000000000000000       0x80 ./utilities/fsl_debug_console.o
 .debug_ranges  0x0000000000000080      0x150 ./startup/startup_mkl25z4.o
 .debug_ranges  0x00000000000001d0       0x38 ./source/bsp.o
 .debug_ranges  0x0000000000000208       0x28 ./source/main.o
 .debug_ranges  0x0000000000000230       0x10 ./source/semihost_hardfault.o
 .debug_ranges  0x0000000000000240       0x78 ./drivers/fsl_adc16.o
 .debug_ranges  0x00000000000002b8      0x1c8 ./drivers/fsl_clock.o
 .debug_ranges  0x0000000000000480       0x28 ./drivers/fsl_common.o
 .debug_ranges  0x00000000000004a8      0x108 ./drivers/fsl_lpsci.o
 .debug_ranges  0x00000000000005b0      0x120 ./drivers/fsl_uart.o
 .debug_ranges  0x00000000000006d0       0x18 ./board/board.o
 .debug_ranges  0x00000000000006e8       0x48 ./board/clock_config.o
 .debug_ranges  0x0000000000000730       0x10 ./board/peripherals.o
 .debug_ranges  0x0000000000000740       0x28 ./board/pin_mux.o
 .debug_ranges  0x0000000000000768       0x18 ./CMSIS/system_MKL25Z4.o

.debug_macro    0x0000000000000000     0x8d5a
 .debug_macro   0x0000000000000000      0x127 ./utilities/fsl_debug_console.o
 .debug_macro   0x0000000000000127      0xa84 ./utilities/fsl_debug_console.o
 .debug_macro   0x0000000000000bab       0x10 ./utilities/fsl_debug_console.o
 .debug_macro   0x0000000000000bbb       0x16 ./utilities/fsl_debug_console.o
 .debug_macro   0x0000000000000bd1       0x10 ./utilities/fsl_debug_console.o
 .debug_macro   0x0000000000000be1      0x12e ./utilities/fsl_debug_console.o
 .debug_macro   0x0000000000000d0f       0x28 ./utilities/fsl_debug_console.o
 .debug_macro   0x0000000000000d37       0xc4 ./utilities/fsl_debug_console.o
 .debug_macro   0x0000000000000dfb       0x16 ./utilities/fsl_debug_console.o
 .debug_macro   0x0000000000000e11       0x22 ./utilities/fsl_debug_console.o
 .debug_macro   0x0000000000000e33      0x5b3 ./utilities/fsl_debug_console.o
 .debug_macro   0x00000000000013e6       0x10 ./utilities/fsl_debug_console.o
 .debug_macro   0x00000000000013f6       0x3f ./utilities/fsl_debug_console.o
 .debug_macro   0x0000000000001435       0x3a ./utilities/fsl_debug_console.o
 .debug_macro   0x000000000000146f       0x26 ./utilities/fsl_debug_console.o
 .debug_macro   0x0000000000001495      0x329 ./utilities/fsl_debug_console.o
 .debug_macro   0x00000000000017be       0x30 ./utilities/fsl_debug_console.o
 .debug_macro   0x00000000000017ee     0x51e2 ./utilities/fsl_debug_console.o
 .debug_macro   0x00000000000069d0     0x1352 ./utilities/fsl_debug_console.o
 .debug_macro   0x0000000000007d22       0x3a ./utilities/fsl_debug_console.o
 .debug_macro   0x0000000000007d5c       0xf4 ./utilities/fsl_debug_console.o
 .debug_macro   0x0000000000007e50       0x35 ./utilities/fsl_debug_console.o
 .debug_macro   0x0000000000007e85       0x2e ./utilities/fsl_debug_console.o
 .debug_macro   0x0000000000007eb3       0x10 ./utilities/fsl_debug_console.o
 .debug_macro   0x0000000000007ec3       0x10 ./utilities/fsl_debug_console.o
 .debug_macro   0x0000000000007ed3       0x29 ./startup/startup_mkl25z4.o
 .debug_macro   0x0000000000007efc      0x152 ./source/bsp.o
 .debug_macro   0x000000000000804e       0x16 ./source/bsp.o
 .debug_macro   0x0000000000008064       0x10 ./source/bsp.o
 .debug_macro   0x0000000000008074      0x112 ./source/bsp.o
 .debug_macro   0x0000000000008186       0x10 ./source/bsp.o
 .debug_macro   0x0000000000008196       0x34 ./source/bsp.o
 .debug_macro   0x00000000000081ca       0x80 ./source/main.o
 .debug_macro   0x000000000000824a       0xd8 ./source/main.o
 .debug_macro   0x0000000000008322       0x2f ./source/mtb.o
 .debug_macro   0x0000000000008351       0x82 ./source/mtb.o
 .debug_macro   0x00000000000083d3       0x10 ./source/mtb.o
 .debug_macro   0x00000000000083e3       0x11 ./source/semihost_hardfault.o
 .debug_macro   0x00000000000083f4       0xec ./drivers/fsl_adc16.o
 .debug_macro   0x00000000000084e0       0x1c ./drivers/fsl_adc16.o
 .debug_macro   0x00000000000084fc      0x196 ./drivers/fsl_clock.o
 .debug_macro   0x0000000000008692       0xef ./drivers/fsl_common.o
 .debug_macro   0x0000000000008781       0xec ./drivers/fsl_lpsci.o
 .debug_macro   0x000000000000886d       0xf2 ./drivers/fsl_uart.o
 .debug_macro   0x000000000000895f      0x112 ./board/board.o
 .debug_macro   0x0000000000008a71      0x123 ./board/clock_config.o
 .debug_macro   0x0000000000008b94       0x1b ./board/peripherals.o
 .debug_macro   0x0000000000008baf      0x107 ./board/pin_mux.o
 .debug_macro   0x0000000000008cb6       0x10 ./board/pin_mux.o
 .debug_macro   0x0000000000008cc6       0x94 ./CMSIS/system_MKL25Z4.o

.debug_line     0x0000000000000000     0x5d38
 .debug_line    0x0000000000000000      0xc85 ./utilities/fsl_debug_console.o
 .debug_line    0x0000000000000c85      0x1ed ./startup/startup_mkl25z4.o
 .debug_line    0x0000000000000e72      0x4af ./source/bsp.o
 .debug_line    0x0000000000001321      0x210 ./source/main.o
 .debug_line    0x0000000000001531       0xd5 ./source/mtb.o
 .debug_line    0x0000000000001606       0x59 ./source/semihost_hardfault.o
 .debug_line    0x000000000000165f      0x64d ./drivers/fsl_adc16.o
 .debug_line    0x0000000000001cac     0x12fb ./drivers/fsl_clock.o
 .debug_line    0x0000000000002fa7      0x425 ./drivers/fsl_common.o
 .debug_line    0x00000000000033cc      0xd74 ./drivers/fsl_lpsci.o
 .debug_line    0x0000000000004140      0xd63 ./drivers/fsl_uart.o
 .debug_line    0x0000000000004ea3      0x399 ./board/board.o
 .debug_line    0x000000000000523c      0x3ef ./board/clock_config.o
 .debug_line    0x000000000000562b       0x5c ./board/peripherals.o
 .debug_line    0x0000000000005687      0x376 ./board/pin_mux.o
 .debug_line    0x00000000000059fd      0x33b ./CMSIS/system_MKL25Z4.o

.debug_str      0x0000000000000000    0x36888
 .debug_str     0x0000000000000000    0x3138f ./utilities/fsl_debug_console.o
                                      0x3162e (size before relaxing)
 .debug_str     0x000000000003138f      0x3cd ./startup/startup_mkl25z4.o
                                       0x30cc (size before relaxing)
 .debug_str     0x000000000003175c     0x113f ./source/bsp.o
                                      0x31613 (size before relaxing)
 .debug_str     0x000000000003289b      0x3e9 ./source/main.o
                                       0x47d8 (size before relaxing)
 .debug_str     0x0000000000032c84      0x532 ./source/mtb.o
                                       0x31ec (size before relaxing)
 .debug_str     0x00000000000331b6       0x1f ./source/semihost_hardfault.o
                                       0x2cd9 (size before relaxing)
 .debug_str     0x00000000000331d5      0x4ba ./drivers/fsl_adc16.o
                                      0x31426 (size before relaxing)
 .debug_str     0x000000000003368f     0x16b0 ./drivers/fsl_clock.o
                                      0x321a1 (size before relaxing)
 .debug_str     0x0000000000034d3f      0x2d6 ./drivers/fsl_common.o
                                      0x3076f (size before relaxing)
 .debug_str     0x0000000000035015      0x9c0 ./drivers/fsl_lpsci.o
                                      0x31790 (size before relaxing)
 .debug_str     0x00000000000359d5      0x832 ./drivers/fsl_uart.o
                                      0x317b3 (size before relaxing)
 .debug_str     0x0000000000036207       0x4c ./board/board.o
                                      0x30f68 (size before relaxing)
 .debug_str     0x0000000000036253      0x3c1 ./board/clock_config.o
                                      0x310d2 (size before relaxing)
 .debug_str     0x0000000000036614       0x31 ./board/peripherals.o
                                       0x2cea (size before relaxing)
 .debug_str     0x0000000000036645      0x1fc ./board/pin_mux.o
                                      0x30819 (size before relaxing)
 .debug_str     0x0000000000036841       0x47 ./CMSIS/system_MKL25Z4.o
                                      0x2fb1b (size before relaxing)

.comment        0x0000000000000000       0x49
 .comment       0x0000000000000000       0x49 ./utilities/fsl_debug_console.o
                                         0x4a (size before relaxing)
 .comment       0x0000000000000049       0x4a ./startup/startup_mkl25z4.o
 .comment       0x0000000000000049       0x4a ./source/bsp.o
 .comment       0x0000000000000049       0x4a ./source/main.o
 .comment       0x0000000000000049       0x4a ./source/mtb.o
 .comment       0x0000000000000049       0x4a ./source/semihost_hardfault.o
 .comment       0x0000000000000049       0x4a ./drivers/fsl_adc16.o
 .comment       0x0000000000000049       0x4a ./drivers/fsl_clock.o
 .comment       0x0000000000000049       0x4a ./drivers/fsl_common.o
 .comment       0x0000000000000049       0x4a ./drivers/fsl_lpsci.o
 .comment       0x0000000000000049       0x4a ./drivers/fsl_uart.o
 .comment       0x0000000000000049       0x4a ./board/board.o
 .comment       0x0000000000000049       0x4a ./board/clock_config.o
 .comment       0x0000000000000049       0x4a ./board/peripherals.o
 .comment       0x0000000000000049       0x4a ./board/pin_mux.o
 .comment       0x0000000000000049       0x4a ./CMSIS/system_MKL25Z4.o
 .comment       0x0000000000000049       0x4a /usr/local/mcuxpressoide-11.7.1_9221/ide/plugins/com.nxp.mcuxpresso.tools.linux_11.7.1.202301190959/tools/bin/../lib/gcc/arm-none-eabi/10.3.1/../../../../arm-none-eabi/lib/thumb/v6-m/nofp/libcr_nohost_nf.a(_cr__main.o)
 .comment       0x0000000000000049       0x4a /usr/local/mcuxpressoide-11.7.1_9221/ide/plugins/com.nxp.mcuxpresso.tools.linux_11.7.1.202301190959/tools/bin/../lib/gcc/arm-none-eabi/10.3.1/../../../../arm-none-eabi/lib/thumb/v6-m/nofp/libcr_c.a(memset.o)
 .comment       0x0000000000000049       0x4a /usr/local/mcuxpressoide-11.7.1_9221/ide/plugins/com.nxp.mcuxpresso.tools.linux_11.7.1.202301190959/tools/bin/../lib/gcc/arm-none-eabi/10.3.1/../../../../arm-none-eabi/lib/thumb/v6-m/nofp/libcr_c.a(initio.o)
 .comment       0x0000000000000049       0x4a /usr/local/mcuxpressoide-11.7.1_9221/ide/plugins/com.nxp.mcuxpresso.tools.linux_11.7.1.202301190959/tools/bin/../lib/gcc/arm-none-eabi/10.3.1/../../../../arm-none-eabi/lib/thumb/v6-m/nofp/libcr_c.a(printf.o)
 .comment       0x0000000000000049       0x4a /usr/local/mcuxpressoide-11.7.1_9221/ide/plugins/com.nxp.mcuxpresso.tools.linux_11.7.1.202301190959/tools/bin/../lib/gcc/arm-none-eabi/10.3.1/../../../../arm-none-eabi/lib/thumb/v6-m/nofp/libcr_c.a(setvbuf.o)
 .comment       0x0000000000000049       0x4a /usr/local/mcuxpressoide-11.7.1_9221/ide/plugins/com.nxp.mcuxpresso.tools.linux_11.7.1.202301190959/tools/bin/../lib/gcc/arm-none-eabi/10.3.1/../../../../arm-none-eabi/lib/thumb/v6-m/nofp/libcr_c.a(strlen.o)
 .comment       0x0000000000000049       0x4a /usr/local/mcuxpressoide-11.7.1_9221/ide/plugins/com.nxp.mcuxpresso.tools.linux_11.7.1.202301190959/tools/bin/../lib/gcc/arm-none-eabi/10.3.1/../../../../arm-none-eabi/lib/thumb/v6-m/nofp/libcr_c.a(_deferredlazyseek.o)
 .comment       0x0000000000000049       0x4a /usr/local/mcuxpressoide-11.7.1_9221/ide/plugins/com.nxp.mcuxpresso.tools.linux_11.7.1.202301190959/tools/bin/../lib/gcc/arm-none-eabi/10.3.1/../../../../arm-none-eabi/lib/thumb/v6-m/nofp/libcr_c.a(_fdopen.o)
 .comment       0x0000000000000049       0x4a /usr/local/mcuxpressoide-11.7.1_9221/ide/plugins/com.nxp.mcuxpresso.tools.linux_11.7.1.202301190959/tools/bin/../lib/gcc/arm-none-eabi/10.3.1/../../../../arm-none-eabi/lib/thumb/v6-m/nofp/libcr_c.a(_fflush.o)
 .comment       0x0000000000000049       0x4a /usr/local/mcuxpressoide-11.7.1_9221/ide/plugins/com.nxp.mcuxpresso.tools.linux_11.7.1.202301190959/tools/bin/../lib/gcc/arm-none-eabi/10.3.1/../../../../arm-none-eabi/lib/thumb/v6-m/nofp/libcr_c.a(_writebuf.o)
 .comment       0x0000000000000049       0x4a /usr/local/mcuxpressoide-11.7.1_9221/ide/plugins/com.nxp.mcuxpresso.tools.linux_11.7.1.202301190959/tools/bin/../lib/gcc/arm-none-eabi/10.3.1/../../../../arm-none-eabi/lib/thumb/v6-m/nofp/libcr_c.a(alloc.o)
 .comment       0x0000000000000049       0x4a /usr/local/mcuxpressoide-11.7.1_9221/ide/plugins/com.nxp.mcuxpresso.tools.linux_11.7.1.202301190959/tools/bin/../lib/gcc/arm-none-eabi/10.3.1/../../../../arm-none-eabi/lib/thumb/v6-m/nofp/libcr_c.a(fclose.o)
 .comment       0x0000000000000049       0x4a /usr/local/mcuxpressoide-11.7.1_9221/ide/plugins/com.nxp.mcuxpresso.tools.linux_11.7.1.202301190959/tools/bin/../lib/gcc/arm-none-eabi/10.3.1/../../../../arm-none-eabi/lib/thumb/v6-m/nofp/libcr_c.a(fflush.o)
 .comment       0x0000000000000049       0x4a /usr/local/mcuxpressoide-11.7.1_9221/ide/plugins/com.nxp.mcuxpresso.tools.linux_11.7.1.202301190959/tools/bin/../lib/gcc/arm-none-eabi/10.3.1/../../../../arm-none-eabi/lib/thumb/v6-m/nofp/libcr_c.a(fseek.o)
 .comment       0x0000000000000049       0x4a /usr/local/mcuxpressoide-11.7.1_9221/ide/plugins/com.nxp.mcuxpresso.tools.linux_11.7.1.202301190959/tools/bin/../lib/gcc/arm-none-eabi/10.3.1/../../../../arm-none-eabi/lib/thumb/v6-m/nofp/libcr_c.a(ftell.o)
 .comment       0x0000000000000049       0x4a /usr/local/mcuxpressoide-11.7.1_9221/ide/plugins/com.nxp.mcuxpresso.tools.linux_11.7.1.202301190959/tools/bin/../lib/gcc/arm-none-eabi/10.3.1/../../../../arm-none-eabi/lib/thumb/v6-m/nofp/libcr_c.a(remove.o)
 .comment       0x0000000000000049       0x4a /usr/local/mcuxpressoide-11.7.1_9221/ide/plugins/com.nxp.mcuxpresso.tools.linux_11.7.1.202301190959/tools/bin/../lib/gcc/arm-none-eabi/10.3.1/../../../../arm-none-eabi/lib/thumb/v6-m/nofp/libcr_c.a(__init_alloc.o)
 .comment       0x0000000000000049       0x4a /usr/local/mcuxpressoide-11.7.1_9221/ide/plugins/com.nxp.mcuxpresso.tools.linux_11.7.1.202301190959/tools/bin/../lib/gcc/arm-none-eabi/10.3.1/../../../../arm-none-eabi/lib/thumb/v6-m/nofp/libcr_c.a(_cr_sbrk.o)
 .comment       0x0000000000000049       0x4a /usr/local/mcuxpressoide-11.7.1_9221/ide/plugins/com.nxp.mcuxpresso.tools.linux_11.7.1.202301190959/tools/bin/../lib/gcc/arm-none-eabi/10.3.1/../../../../arm-none-eabi/lib/thumb/v6-m/nofp/libcr_c.a(_do_fflush.o)
 .comment       0x0000000000000049       0x4a /usr/local/mcuxpressoide-11.7.1_9221/ide/plugins/com.nxp.mcuxpresso.tools.linux_11.7.1.202301190959/tools/bin/../lib/gcc/arm-none-eabi/10.3.1/../../../../arm-none-eabi/lib/thumb/v6-m/nofp/libcr_c.a(errno.o)
 .comment       0x0000000000000049       0x4a /usr/local/mcuxpressoide-11.7.1_9221/ide/plugins/com.nxp.mcuxpresso.tools.linux_11.7.1.202301190959/tools/bin/../lib/gcc/arm-none-eabi/10.3.1/../../../../arm-none-eabi/lib/thumb/v6-m/nofp/libcr_c.a(_cr_check_heap.o)
 .comment       0x0000000000000049       0x4a /usr/local/mcuxpressoide-11.7.1_9221/ide/plugins/com.nxp.mcuxpresso.tools.linux_11.7.1.202301190959/tools/bin/../lib/gcc/arm-none-eabi/10.3.1/../../../../arm-none-eabi/lib/thumb/v6-m/nofp/libcr_nohost_nf.a(__ciob.o)
 .comment       0x0000000000000049       0x4a /usr/local/mcuxpressoide-11.7.1_9221/ide/plugins/com.nxp.mcuxpresso.tools.linux_11.7.1.202301190959/tools/bin/../lib/gcc/arm-none-eabi/10.3.1/../../../../arm-none-eabi/lib/thumb/v6-m/nofp/libcr_nohost_nf.a(__sys_appexit.o)
 .comment       0x0000000000000049       0x4a /usr/local/mcuxpressoide-11.7.1_9221/ide/plugins/com.nxp.mcuxpresso.tools.linux_11.7.1.202301190959/tools/bin/../lib/gcc/arm-none-eabi/10.3.1/../../../../arm-none-eabi/lib/thumb/v6-m/nofp/libcr_nohost_nf.a(__sys_close.o)
 .comment       0x0000000000000049       0x4a /usr/local/mcuxpressoide-11.7.1_9221/ide/plugins/com.nxp.mcuxpresso.tools.linux_11.7.1.202301190959/tools/bin/../lib/gcc/arm-none-eabi/10.3.1/../../../../arm-none-eabi/lib/thumb/v6-m/nofp/libcr_nohost_nf.a(__sys_flen.o)
 .comment       0x0000000000000049       0x4a /usr/local/mcuxpressoide-11.7.1_9221/ide/plugins/com.nxp.mcuxpresso.tools.linux_11.7.1.202301190959/tools/bin/../lib/gcc/arm-none-eabi/10.3.1/../../../../arm-none-eabi/lib/thumb/v6-m/nofp/libcr_nohost_nf.a(__sys_istty.o)
 .comment       0x0000000000000049       0x4a /usr/local/mcuxpressoide-11.7.1_9221/ide/plugins/com.nxp.mcuxpresso.tools.linux_11.7.1.202301190959/tools/bin/../lib/gcc/arm-none-eabi/10.3.1/../../../../arm-none-eabi/lib/thumb/v6-m/nofp/libcr_nohost_nf.a(__sys_remove.o)
 .comment       0x0000000000000049       0x4a /usr/local/mcuxpressoide-11.7.1_9221/ide/plugins/com.nxp.mcuxpresso.tools.linux_11.7.1.202301190959/tools/bin/../lib/gcc/arm-none-eabi/10.3.1/../../../../arm-none-eabi/lib/thumb/v6-m/nofp/libcr_nohost_nf.a(__sys_seek.o)
 .comment       0x0000000000000049       0x4a /usr/local/mcuxpressoide-11.7.1_9221/ide/plugins/com.nxp.mcuxpresso.tools.linux_11.7.1.202301190959/tools/bin/../lib/gcc/arm-none-eabi/10.3.1/../../../../arm-none-eabi/lib/thumb/v6-m/nofp/libcr_nohost_nf.a(__sys_tmpnam.o)
 .comment       0x0000000000000049       0x4a /usr/local/mcuxpressoide-11.7.1_9221/ide/plugins/com.nxp.mcuxpresso.tools.linux_11.7.1.202301190959/tools/bin/../lib/gcc/arm-none-eabi/10.3.1/../../../../arm-none-eabi/lib/thumb/v6-m/nofp/libcr_nohost_nf.a(__sys_write.o)

.ARM.attributes
                0x0000000000000000       0x2a
 .ARM.attributes
                0x0000000000000000       0x2c ./utilities/fsl_debug_console.o
 .ARM.attributes
                0x000000000000002c       0x2c ./startup/startup_mkl25z4.o
 .ARM.attributes
                0x0000000000000058       0x2c ./source/bsp.o
 .ARM.attributes
                0x0000000000000084       0x2c ./source/main.o
 .ARM.attributes
                0x00000000000000b0       0x2c ./source/mtb.o
 .ARM.attributes
                0x00000000000000dc       0x2c ./source/semihost_hardfault.o
 .ARM.attributes
                0x0000000000000108       0x2c ./drivers/fsl_adc16.o
 .ARM.attributes
                0x0000000000000134       0x2c ./drivers/fsl_clock.o
 .ARM.attributes
                0x0000000000000160       0x2c ./drivers/fsl_common.o
 .ARM.attributes
                0x000000000000018c       0x2c ./drivers/fsl_lpsci.o
 .ARM.attributes
                0x00000000000001b8       0x2c ./drivers/fsl_uart.o
 .ARM.attributes
                0x00000000000001e4       0x2c ./board/board.o
 .ARM.attributes
                0x0000000000000210       0x2c ./board/clock_config.o
 .ARM.attributes
                0x000000000000023c       0x2c ./board/peripherals.o
 .ARM.attributes
                0x0000000000000268       0x2c ./board/pin_mux.o
 .ARM.attributes
                0x0000000000000294       0x2c ./CMSIS/system_MKL25Z4.o
 .ARM.attributes
                0x00000000000002c0       0x2c /usr/local/mcuxpressoide-11.7.1_9221/ide/plugins/com.nxp.mcuxpresso.tools.linux_11.7.1.202301190959/tools/bin/../lib/gcc/arm-none-eabi/10.3.1/../../../../arm-none-eabi/lib/thumb/v6-m/nofp/libcr_nohost_nf.a(_cr__main.o)
 .ARM.attributes
                0x00000000000002ec       0x2c /usr/local/mcuxpressoide-11.7.1_9221/ide/plugins/com.nxp.mcuxpresso.tools.linux_11.7.1.202301190959/tools/bin/../lib/gcc/arm-none-eabi/10.3.1/../../../../arm-none-eabi/lib/thumb/v6-m/nofp/libcr_c.a(memset.o)
 .ARM.attributes
                0x0000000000000318       0x2c /usr/local/mcuxpressoide-11.7.1_9221/ide/plugins/com.nxp.mcuxpresso.tools.linux_11.7.1.202301190959/tools/bin/../lib/gcc/arm-none-eabi/10.3.1/../../../../arm-none-eabi/lib/thumb/v6-m/nofp/libcr_c.a(initio.o)
 .ARM.attributes
                0x0000000000000344       0x2c /usr/local/mcuxpressoide-11.7.1_9221/ide/plugins/com.nxp.mcuxpresso.tools.linux_11.7.1.202301190959/tools/bin/../lib/gcc/arm-none-eabi/10.3.1/../../../../arm-none-eabi/lib/thumb/v6-m/nofp/libcr_c.a(printf.o)
 .ARM.attributes
                0x0000000000000370       0x2c /usr/local/mcuxpressoide-11.7.1_9221/ide/plugins/com.nxp.mcuxpresso.tools.linux_11.7.1.202301190959/tools/bin/../lib/gcc/arm-none-eabi/10.3.1/../../../../arm-none-eabi/lib/thumb/v6-m/nofp/libcr_c.a(setvbuf.o)
 .ARM.attributes
                0x000000000000039c       0x2c /usr/local/mcuxpressoide-11.7.1_9221/ide/plugins/com.nxp.mcuxpresso.tools.linux_11.7.1.202301190959/tools/bin/../lib/gcc/arm-none-eabi/10.3.1/../../../../arm-none-eabi/lib/thumb/v6-m/nofp/libcr_c.a(strlen.o)
 .ARM.attributes
                0x00000000000003c8       0x2c /usr/local/mcuxpressoide-11.7.1_9221/ide/plugins/com.nxp.mcuxpresso.tools.linux_11.7.1.202301190959/tools/bin/../lib/gcc/arm-none-eabi/10.3.1/../../../../arm-none-eabi/lib/thumb/v6-m/nofp/libcr_c.a(_deferredlazyseek.o)
 .ARM.attributes
                0x00000000000003f4       0x2c /usr/local/mcuxpressoide-11.7.1_9221/ide/plugins/com.nxp.mcuxpresso.tools.linux_11.7.1.202301190959/tools/bin/../lib/gcc/arm-none-eabi/10.3.1/../../../../arm-none-eabi/lib/thumb/v6-m/nofp/libcr_c.a(_fdopen.o)
 .ARM.attributes
                0x0000000000000420       0x2c /usr/local/mcuxpressoide-11.7.1_9221/ide/plugins/com.nxp.mcuxpresso.tools.linux_11.7.1.202301190959/tools/bin/../lib/gcc/arm-none-eabi/10.3.1/../../../../arm-none-eabi/lib/thumb/v6-m/nofp/libcr_c.a(_fflush.o)
 .ARM.attributes
                0x000000000000044c       0x2c /usr/local/mcuxpressoide-11.7.1_9221/ide/plugins/com.nxp.mcuxpresso.tools.linux_11.7.1.202301190959/tools/bin/../lib/gcc/arm-none-eabi/10.3.1/../../../../arm-none-eabi/lib/thumb/v6-m/nofp/libcr_c.a(_writebuf.o)
 .ARM.attributes
                0x0000000000000478       0x2c /usr/local/mcuxpressoide-11.7.1_9221/ide/plugins/com.nxp.mcuxpresso.tools.linux_11.7.1.202301190959/tools/bin/../lib/gcc/arm-none-eabi/10.3.1/../../../../arm-none-eabi/lib/thumb/v6-m/nofp/libcr_c.a(alloc.o)
 .ARM.attributes
                0x00000000000004a4       0x2c /usr/local/mcuxpressoide-11.7.1_9221/ide/plugins/com.nxp.mcuxpresso.tools.linux_11.7.1.202301190959/tools/bin/../lib/gcc/arm-none-eabi/10.3.1/../../../../arm-none-eabi/lib/thumb/v6-m/nofp/libcr_c.a(fclose.o)
 .ARM.attributes
                0x00000000000004d0       0x2c /usr/local/mcuxpressoide-11.7.1_9221/ide/plugins/com.nxp.mcuxpresso.tools.linux_11.7.1.202301190959/tools/bin/../lib/gcc/arm-none-eabi/10.3.1/../../../../arm-none-eabi/lib/thumb/v6-m/nofp/libcr_c.a(fflush.o)
 .ARM.attributes
                0x00000000000004fc       0x2c /usr/local/mcuxpressoide-11.7.1_9221/ide/plugins/com.nxp.mcuxpresso.tools.linux_11.7.1.202301190959/tools/bin/../lib/gcc/arm-none-eabi/10.3.1/../../../../arm-none-eabi/lib/thumb/v6-m/nofp/libcr_c.a(fseek.o)
 .ARM.attributes
                0x0000000000000528       0x2c /usr/local/mcuxpressoide-11.7.1_9221/ide/plugins/com.nxp.mcuxpresso.tools.linux_11.7.1.202301190959/tools/bin/../lib/gcc/arm-none-eabi/10.3.1/../../../../arm-none-eabi/lib/thumb/v6-m/nofp/libcr_c.a(ftell.o)
 .ARM.attributes
                0x0000000000000554       0x2c /usr/local/mcuxpressoide-11.7.1_9221/ide/plugins/com.nxp.mcuxpresso.tools.linux_11.7.1.202301190959/tools/bin/../lib/gcc/arm-none-eabi/10.3.1/../../../../arm-none-eabi/lib/thumb/v6-m/nofp/libcr_c.a(remove.o)
 .ARM.attributes
                0x0000000000000580       0x2c /usr/local/mcuxpressoide-11.7.1_9221/ide/plugins/com.nxp.mcuxpresso.tools.linux_11.7.1.202301190959/tools/bin/../lib/gcc/arm-none-eabi/10.3.1/../../../../arm-none-eabi/lib/thumb/v6-m/nofp/libcr_c.a(__init_alloc.o)
 .ARM.attributes
                0x00000000000005ac       0x2c /usr/local/mcuxpressoide-11.7.1_9221/ide/plugins/com.nxp.mcuxpresso.tools.linux_11.7.1.202301190959/tools/bin/../lib/gcc/arm-none-eabi/10.3.1/../../../../arm-none-eabi/lib/thumb/v6-m/nofp/libcr_c.a(_cr_sbrk.o)
 .ARM.attributes
                0x00000000000005d8       0x2c /usr/local/mcuxpressoide-11.7.1_9221/ide/plugins/com.nxp.mcuxpresso.tools.linux_11.7.1.202301190959/tools/bin/../lib/gcc/arm-none-eabi/10.3.1/../../../../arm-none-eabi/lib/thumb/v6-m/nofp/libcr_c.a(_do_fflush.o)
 .ARM.attributes
                0x0000000000000604       0x2c /usr/local/mcuxpressoide-11.7.1_9221/ide/plugins/com.nxp.mcuxpresso.tools.linux_11.7.1.202301190959/tools/bin/../lib/gcc/arm-none-eabi/10.3.1/../../../../arm-none-eabi/lib/thumb/v6-m/nofp/libcr_c.a(errno.o)
 .ARM.attributes
                0x0000000000000630       0x2c /usr/local/mcuxpressoide-11.7.1_9221/ide/plugins/com.nxp.mcuxpresso.tools.linux_11.7.1.202301190959/tools/bin/../lib/gcc/arm-none-eabi/10.3.1/../../../../arm-none-eabi/lib/thumb/v6-m/nofp/libcr_c.a(_cr_check_heap.o)
 .ARM.attributes
                0x000000000000065c       0x1c /usr/local/mcuxpressoide-11.7.1_9221/ide/plugins/com.nxp.mcuxpresso.tools.linux_11.7.1.202301190959/tools/bin/../lib/gcc/arm-none-eabi/10.3.1/thumb/v6-m/nofp/libcr_eabihelpers.a(division_32.o)
 .ARM.attributes
                0x0000000000000678       0x1c /usr/local/mcuxpressoide-11.7.1_9221/ide/plugins/com.nxp.mcuxpresso.tools.linux_11.7.1.202301190959/tools/bin/../lib/gcc/arm-none-eabi/10.3.1/thumb/v6-m/nofp/libcr_eabihelpers.a(division_idiv0.o)
 .ARM.attributes
                0x0000000000000694       0x1c /usr/local/mcuxpressoide-11.7.1_9221/ide/plugins/com.nxp.mcuxpresso.tools.linux_11.7.1.202301190959/tools/bin/../lib/gcc/arm-none-eabi/10.3.1/thumb/v6-m/nofp/libcr_eabihelpers.a(llong.o)
 .ARM.attributes
                0x00000000000006b0       0x1c /usr/local/mcuxpressoide-11.7.1_9221/ide/plugins/com.nxp.mcuxpresso.tools.linux_11.7.1.202301190959/tools/bin/../lib/gcc/arm-none-eabi/10.3.1/thumb/v6-m/nofp/libcr_eabihelpers.a(memcpy.o)
 .ARM.attributes
                0x00000000000006cc       0x1c /usr/local/mcuxpressoide-11.7.1_9221/ide/plugins/com.nxp.mcuxpresso.tools.linux_11.7.1.202301190959/tools/bin/../lib/gcc/arm-none-eabi/10.3.1/thumb/v6-m/nofp/libcr_eabihelpers.a(thumb1_switch_helpers.o)
 .ARM.attributes
                0x00000000000006e8       0x2c /usr/local/mcuxpressoide-11.7.1_9221/ide/plugins/com.nxp.mcuxpresso.tools.linux_11.7.1.202301190959/tools/bin/../lib/gcc/arm-none-eabi/10.3.1/../../../../arm-none-eabi/lib/thumb/v6-m/nofp/libcr_nohost_nf.a(__ciob.o)
 .ARM.attributes
                0x0000000000000714       0x2c /usr/local/mcuxpressoide-11.7.1_9221/ide/plugins/com.nxp.mcuxpresso.tools.linux_11.7.1.202301190959/tools/bin/../lib/gcc/arm-none-eabi/10.3.1/../../../../arm-none-eabi/lib/thumb/v6-m/nofp/libcr_nohost_nf.a(__sys_appexit.o)
 .ARM.attributes
                0x0000000000000740       0x2c /usr/local/mcuxpressoide-11.7.1_9221/ide/plugins/com.nxp.mcuxpresso.tools.linux_11.7.1.202301190959/tools/bin/../lib/gcc/arm-none-eabi/10.3.1/../../../../arm-none-eabi/lib/thumb/v6-m/nofp/libcr_nohost_nf.a(__sys_close.o)
 .ARM.attributes
                0x000000000000076c       0x2c /usr/local/mcuxpressoide-11.7.1_9221/ide/plugins/com.nxp.mcuxpresso.tools.linux_11.7.1.202301190959/tools/bin/../lib/gcc/arm-none-eabi/10.3.1/../../../../arm-none-eabi/lib/thumb/v6-m/nofp/libcr_nohost_nf.a(__sys_flen.o)
 .ARM.attributes
                0x0000000000000798       0x2c /usr/local/mcuxpressoide-11.7.1_9221/ide/plugins/com.nxp.mcuxpresso.tools.linux_11.7.1.202301190959/tools/bin/../lib/gcc/arm-none-eabi/10.3.1/../../../../arm-none-eabi/lib/thumb/v6-m/nofp/libcr_nohost_nf.a(__sys_istty.o)
 .ARM.attributes
                0x00000000000007c4       0x2c /usr/local/mcuxpressoide-11.7.1_9221/ide/plugins/com.nxp.mcuxpresso.tools.linux_11.7.1.202301190959/tools/bin/../lib/gcc/arm-none-eabi/10.3.1/../../../../arm-none-eabi/lib/thumb/v6-m/nofp/libcr_nohost_nf.a(__sys_remove.o)
 .ARM.attributes
                0x00000000000007f0       0x2c /usr/local/mcuxpressoide-11.7.1_9221/ide/plugins/com.nxp.mcuxpresso.tools.linux_11.7.1.202301190959/tools/bin/../lib/gcc/arm-none-eabi/10.3.1/../../../../arm-none-eabi/lib/thumb/v6-m/nofp/libcr_nohost_nf.a(__sys_seek.o)
 .ARM.attributes
                0x000000000000081c       0x2c /usr/local/mcuxpressoide-11.7.1_9221/ide/plugins/com.nxp.mcuxpresso.tools.linux_11.7.1.202301190959/tools/bin/../lib/gcc/arm-none-eabi/10.3.1/../../../../arm-none-eabi/lib/thumb/v6-m/nofp/libcr_nohost_nf.a(__sys_tmpnam.o)
 .ARM.attributes
                0x0000000000000848       0x2c /usr/local/mcuxpressoide-11.7.1_9221/ide/plugins/com.nxp.mcuxpresso.tools.linux_11.7.1.202301190959/tools/bin/../lib/gcc/arm-none-eabi/10.3.1/../../../../arm-none-eabi/lib/thumb/v6-m/nofp/libcr_nohost_nf.a(__sys_write.o)

.debug_frame    0x0000000000000000     0x1b24
 .debug_frame   0x0000000000000000      0x1f0 ./utilities/fsl_debug_console.o
 .debug_frame   0x00000000000001f0      0x3b0 ./startup/startup_mkl25z4.o
 .debug_frame   0x00000000000005a0       0xcc ./source/bsp.o
 .debug_frame   0x000000000000066c       0x90 ./source/main.o
 .debug_frame   0x00000000000006fc       0x20 ./source/semihost_hardfault.o
 .debug_frame   0x000000000000071c      0x1d0 ./drivers/fsl_adc16.o
 .debug_frame   0x00000000000008ec      0x6e0 ./drivers/fsl_clock.o
 .debug_frame   0x0000000000000fcc       0x90 ./drivers/fsl_common.o
 .debug_frame   0x000000000000105c      0x414 ./drivers/fsl_lpsci.o
 .debug_frame   0x0000000000001470      0x464 ./drivers/fsl_uart.o
 .debug_frame   0x00000000000018d4       0x50 ./board/board.o
 .debug_frame   0x0000000000001924      0x100 ./board/clock_config.o
 .debug_frame   0x0000000000001a24       0x2c ./board/peripherals.o
 .debug_frame   0x0000000000001a50       0x88 ./board/pin_mux.o
 .debug_frame   0x0000000000001ad8       0x4c ./CMSIS/system_MKL25Z4.o

Cross Reference Table

Symbol                                            File
ADC0_DriverIRQHandler                             ./startup/startup_mkl25z4.o
ADC0_IRQHandler                                   ./startup/startup_mkl25z4.o
ADC16_ClearStatusFlags                            ./drivers/fsl_adc16.o
ADC16_Deinit                                      ./drivers/fsl_adc16.o
ADC16_DoAutoCalibration                           ./drivers/fsl_adc16.o
                                                  ./source/bsp.o
ADC16_GetChannelStatusFlags                       ./drivers/fsl_adc16.o
                                                  ./source/bsp.o
ADC16_GetDefaultConfig                            ./drivers/fsl_adc16.o
                                                  ./source/bsp.o
ADC16_GetStatusFlags                              ./drivers/fsl_adc16.o
ADC16_Init                                        ./drivers/fsl_adc16.o
                                                  ./source/bsp.o
ADC16_SetChannelConfig                            ./drivers/fsl_adc16.o
                                                  ./source/bsp.o
ADC16_SetChannelMuxMode                           ./drivers/fsl_adc16.o
ADC16_SetHardwareAverage                          ./drivers/fsl_adc16.o
                                                  ./source/bsp.o
ADC16_SetHardwareCompareConfig                    ./drivers/fsl_adc16.o
BOARD_BootClockRUN                                ./board/clock_config.o
BOARD_BootClockVLPR                               ./board/clock_config.o
BOARD_InitBootClocks                              ./board/clock_config.o
                                                  ./source/bsp.o
BOARD_InitBootPeripherals                         ./board/peripherals.o
                                                  ./source/bsp.o
BOARD_InitBootPins                                ./board/pin_mux.o
                                                  ./source/bsp.o
BOARD_InitDebugConsole                            ./board/board.o
                                                  ./source/bsp.o
BOARD_InitPins                                    ./board/pin_mux.o
BSP_InitBoard                                     ./source/bsp.o
                                                  ./source/main.o
BSP_ReadAdc                                       ./source/bsp.o
                                                  ./source/main.o
BSP_SendUart                                      ./source/bsp.o
                                                  ./source/main.o
CLOCK_BootToBlpeMode                              ./drivers/fsl_clock.o
CLOCK_BootToBlpiMode                              ./drivers/fsl_clock.o
                                                  ./board/clock_config.o
CLOCK_BootToFeeMode                               ./drivers/fsl_clock.o
CLOCK_BootToFeiMode                               ./drivers/fsl_clock.o
CLOCK_BootToPeeMode                               ./drivers/fsl_clock.o
                                                  ./board/clock_config.o
CLOCK_CalcPllDiv                                  ./drivers/fsl_clock.o
CLOCK_ClearStatusFlags                            ./drivers/fsl_clock.o
CLOCK_DeinitOsc0                                  ./drivers/fsl_clock.o
CLOCK_EnablePll0                                  ./drivers/fsl_clock.o
CLOCK_EnableUsbfs0Clock                           ./drivers/fsl_clock.o
CLOCK_ExternalModeToFbeModeQuick                  ./drivers/fsl_clock.o
CLOCK_FllStableDelay                              ./drivers/fsl_clock.o
CLOCK_GetBusClkFreq                               ./drivers/fsl_clock.o
CLOCK_GetCoreSysClkFreq                           ./drivers/fsl_clock.o
CLOCK_GetEr32kClkFreq                             ./drivers/fsl_clock.o
CLOCK_GetFixedFreqClkFreq                         ./drivers/fsl_clock.o
CLOCK_GetFlashClkFreq                             ./drivers/fsl_clock.o
CLOCK_GetFllFreq                                  ./drivers/fsl_clock.o
CLOCK_GetFreq                                     ./drivers/fsl_clock.o
CLOCK_GetInternalRefClkFreq                       ./drivers/fsl_clock.o
CLOCK_GetMode                                     ./drivers/fsl_clock.o
CLOCK_GetOsc0ErClkFreq                            ./drivers/fsl_clock.o
CLOCK_GetOutClkFreq                               ./drivers/fsl_clock.o
CLOCK_GetPlatClkFreq                              ./drivers/fsl_clock.o
CLOCK_GetPll0Freq                                 ./drivers/fsl_clock.o
CLOCK_GetPllFllSelClkFreq                         ./drivers/fsl_clock.o
                                                  ./board/board.o
CLOCK_GetStatusFlags                              ./drivers/fsl_clock.o
CLOCK_InitOsc0                                    ./drivers/fsl_clock.o
                                                  ./board/clock_config.o
CLOCK_InternalModeToFbiModeQuick                  ./drivers/fsl_clock.o
CLOCK_SetBlpeMode                                 ./drivers/fsl_clock.o
CLOCK_SetBlpiMode                                 ./drivers/fsl_clock.o
CLOCK_SetExternalRefClkConfig                     ./drivers/fsl_clock.o
CLOCK_SetFbeMode                                  ./drivers/fsl_clock.o
CLOCK_SetFbiMode                                  ./drivers/fsl_clock.o
CLOCK_SetFeeMode                                  ./drivers/fsl_clock.o
CLOCK_SetFeiMode                                  ./drivers/fsl_clock.o
CLOCK_SetInternalRefClkConfig                     ./drivers/fsl_clock.o
                                                  ./board/clock_config.o
CLOCK_SetMcgConfig                                ./drivers/fsl_clock.o
CLOCK_SetOsc0MonitorMode                          ./drivers/fsl_clock.o
CLOCK_SetPbeMode                                  ./drivers/fsl_clock.o
CLOCK_SetPeeMode                                  ./drivers/fsl_clock.o
CLOCK_SetPll0MonitorMode                          ./drivers/fsl_clock.o
CLOCK_SetSimConfig                                ./drivers/fsl_clock.o
                                                  ./board/clock_config.o
CLOCK_TrimInternalRefClk                          ./drivers/fsl_clock.o
CMP0_DriverIRQHandler                             ./startup/startup_mkl25z4.o
CMP0_IRQHandler                                   ./startup/startup_mkl25z4.o
DAC0_DriverIRQHandler                             ./startup/startup_mkl25z4.o
DAC0_IRQHandler                                   ./startup/startup_mkl25z4.o
DMA0_DriverIRQHandler                             ./startup/startup_mkl25z4.o
DMA0_IRQHandler                                   ./startup/startup_mkl25z4.o
DMA1_DriverIRQHandler                             ./startup/startup_mkl25z4.o
DMA1_IRQHandler                                   ./startup/startup_mkl25z4.o
DMA2_DriverIRQHandler                             ./startup/startup_mkl25z4.o
DMA2_IRQHandler                                   ./startup/startup_mkl25z4.o
DMA3_DriverIRQHandler                             ./startup/startup_mkl25z4.o
DMA3_IRQHandler                                   ./startup/startup_mkl25z4.o
DbgConsole_Deinit                                 ./utilities/fsl_debug_console.o
DbgConsole_Getchar                                ./utilities/fsl_debug_console.o
DbgConsole_Init                                   ./utilities/fsl_debug_console.o
                                                  ./board/board.o
DbgConsole_Printf                                 ./utilities/fsl_debug_console.o
                                                  ./drivers/fsl_common.o
DbgConsole_Putchar                                ./utilities/fsl_debug_console.o
DbgConsole_Scanf                                  ./utilities/fsl_debug_console.o
FLASH_Erase                                       ./drivers/fsl_flash.o
FLASH_EraseAll                                    ./drivers/fsl_flash.o
FLASH_EraseAllExecuteOnlySegments                 ./drivers/fsl_flash.o
FLASH_GetProperty                                 ./drivers/fsl_flash.o
FLASH_GetSecurityState                            ./drivers/fsl_flash.o
FLASH_Init                                        ./drivers/fsl_flash.o
FLASH_IsExecuteOnly                               ./drivers/fsl_flash.o
FLASH_IsProtected                                 ./drivers/fsl_flash.o
FLASH_PflashGetPrefetchSpeculation                ./drivers/fsl_flash.o
FLASH_PflashGetProtection                         ./drivers/fsl_flash.o
FLASH_PflashSetPrefetchSpeculation                ./drivers/fsl_flash.o
                                                  ./drivers/fsl_smc.o
FLASH_PflashSetProtection                         ./drivers/fsl_flash.o
FLASH_PrepareExecuteInRamFunctions                ./drivers/fsl_flash.o
FLASH_Program                                     ./drivers/fsl_flash.o
FLASH_ProgramOnce                                 ./drivers/fsl_flash.o
FLASH_ReadOnce                                    ./drivers/fsl_flash.o
FLASH_ReadResource                                ./drivers/fsl_flash.o
FLASH_SecurityBypass                              ./drivers/fsl_flash.o
FLASH_SetCallback                                 ./drivers/fsl_flash.o
FLASH_SetProperty                                 ./drivers/fsl_flash.o
FLASH_VerifyErase                                 ./drivers/fsl_flash.o
FLASH_VerifyEraseAll                              ./drivers/fsl_flash.o
FLASH_VerifyEraseAllExecuteOnlySegments           ./drivers/fsl_flash.o
FLASH_VerifyProgram                               ./drivers/fsl_flash.o
FTFA_DriverIRQHandler                             ./startup/startup_mkl25z4.o
FTFA_IRQHandler                                   ./startup/startup_mkl25z4.o
Flash_Config                                      ./startup/startup_mkl25z4.o
GPIO_ClearPinsInterruptFlags                      ./drivers/fsl_gpio.o
GPIO_GetPinsInterruptFlags                        ./drivers/fsl_gpio.o
GPIO_PinInit                                      ./drivers/fsl_gpio.o
HardFault_Handler                                 ./source/semihost_hardfault.o
                                                  ./startup/startup_mkl25z4.o
I2C0_DriverIRQHandler                             ./startup/startup_mkl25z4.o
I2C0_IRQHandler                                   ./startup/startup_mkl25z4.o
I2C1_DriverIRQHandler                             ./startup/startup_mkl25z4.o
I2C1_IRQHandler                                   ./startup/startup_mkl25z4.o
InstallIRQHandler                                 ./drivers/fsl_common.o
IntDefaultHandler                                 ./startup/startup_mkl25z4.o
LLWU_DriverIRQHandler                             ./startup/startup_mkl25z4.o
LLWU_IRQHandler                                   ./startup/startup_mkl25z4.o
LPSCI_ClearStatusFlags                            ./drivers/fsl_lpsci.o
LPSCI_Deinit                                      ./drivers/fsl_lpsci.o
                                                  ./utilities/fsl_debug_console.o
LPSCI_DisableInterrupts                           ./drivers/fsl_lpsci.o
LPSCI_EnableInterrupts                            ./drivers/fsl_lpsci.o
LPSCI_GetDefaultConfig                            ./drivers/fsl_lpsci.o
                                                  ./utilities/fsl_debug_console.o
LPSCI_GetEnabledInterrupts                        ./drivers/fsl_lpsci.o
LPSCI_GetInstance                                 ./drivers/fsl_lpsci.o
LPSCI_GetStatusFlags                              ./drivers/fsl_lpsci.o
LPSCI_Init                                        ./drivers/fsl_lpsci.o
                                                  ./utilities/fsl_debug_console.o
LPSCI_ReadBlocking                                ./drivers/fsl_lpsci.o
                                                  ./utilities/fsl_debug_console.o
LPSCI_SetBaudRate                                 ./drivers/fsl_lpsci.o
LPSCI_TransferAbortReceive                        ./drivers/fsl_lpsci.o
LPSCI_TransferAbortSend                           ./drivers/fsl_lpsci.o
LPSCI_TransferCreateHandle                        ./drivers/fsl_lpsci.o
LPSCI_TransferGetReceiveCount                     ./drivers/fsl_lpsci.o
LPSCI_TransferGetSendCount                        ./drivers/fsl_lpsci.o
LPSCI_TransferHandleErrorIRQ                      ./drivers/fsl_lpsci.o
LPSCI_TransferHandleIRQ                           ./drivers/fsl_lpsci.o
LPSCI_TransferReceiveNonBlocking                  ./drivers/fsl_lpsci.o
LPSCI_TransferSendNonBlocking                     ./drivers/fsl_lpsci.o
LPSCI_TransferStartRingBuffer                     ./drivers/fsl_lpsci.o
LPSCI_TransferStopRingBuffer                      ./drivers/fsl_lpsci.o
LPSCI_WriteBlocking                               ./drivers/fsl_lpsci.o
                                                  ./utilities/fsl_debug_console.o
LPTMR0_DriverIRQHandler                           ./startup/startup_mkl25z4.o
LPTMR0_IRQHandler                                 ./startup/startup_mkl25z4.o
LVD_LVW_DriverIRQHandler                          ./startup/startup_mkl25z4.o
LVD_LVW_IRQHandler                                ./startup/startup_mkl25z4.o
MCG_DriverIRQHandler                              ./startup/startup_mkl25z4.o
MCG_IRQHandler                                    ./startup/startup_mkl25z4.o
NMI_Handler                                       ./startup/startup_mkl25z4.o
PIT_DriverIRQHandler                              ./startup/startup_mkl25z4.o
PIT_IRQHandler                                    ./startup/startup_mkl25z4.o
PORTA_DriverIRQHandler                            ./startup/startup_mkl25z4.o
PORTA_IRQHandler                                  ./startup/startup_mkl25z4.o
PORTD_DriverIRQHandler                            ./startup/startup_mkl25z4.o
PORTD_IRQHandler                                  ./startup/startup_mkl25z4.o
PendSV_Handler                                    ./startup/startup_mkl25z4.o
RTC_DriverIRQHandler                              ./startup/startup_mkl25z4.o
RTC_IRQHandler                                    ./startup/startup_mkl25z4.o
RTC_Seconds_DriverIRQHandler                      ./startup/startup_mkl25z4.o
RTC_Seconds_IRQHandler                            ./startup/startup_mkl25z4.o
Reserved20_DriverIRQHandler                       ./startup/startup_mkl25z4.o
Reserved20_IRQHandler                             ./startup/startup_mkl25z4.o
Reserved39_DriverIRQHandler                       ./startup/startup_mkl25z4.o
Reserved39_IRQHandler                             ./startup/startup_mkl25z4.o
Reserved45_DriverIRQHandler                       ./startup/startup_mkl25z4.o
Reserved45_IRQHandler                             ./startup/startup_mkl25z4.o
ResetISR                                          ./startup/startup_mkl25z4.o
SMC_PostExitStopModes                             ./drivers/fsl_smc.o
SMC_PreEnterStopModes                             ./drivers/fsl_smc.o
SMC_SetPowerModeLls                               ./drivers/fsl_smc.o
SMC_SetPowerModeRun                               ./drivers/fsl_smc.o
SMC_SetPowerModeStop                              ./drivers/fsl_smc.o
SMC_SetPowerModeVlls                              ./drivers/fsl_smc.o
SMC_SetPowerModeVlpr                              ./drivers/fsl_smc.o
                                                  ./board/clock_config.o
SMC_SetPowerModeVlps                              ./drivers/fsl_smc.o
SMC_SetPowerModeVlpw                              ./drivers/fsl_smc.o
SMC_SetPowerModeWait                              ./drivers/fsl_smc.o
SPI0_DriverIRQHandler                             ./startup/startup_mkl25z4.o
SPI0_IRQHandler                                   ./startup/startup_mkl25z4.o
SPI1_DriverIRQHandler                             ./startup/startup_mkl25z4.o
SPI1_IRQHandler                                   ./startup/startup_mkl25z4.o
SVC_Handler                                       ./startup/startup_mkl25z4.o
SysTick_Handler                                   ./startup/startup_mkl25z4.o
SystemCoreClock                                   ./CMSIS/system_MKL25Z4.o
                                                  ./board/clock_config.o
SystemCoreClockUpdate                             ./CMSIS/system_MKL25Z4.o